Component: ARM Compiler 5.06 update 7 (build 960) Tool: armlink [4d3601]

==============================================================================

Section Cross References

    main.o(i.All_Init) refers to misc.o(i.NVIC_PriorityGroupConfig) for NVIC_PriorityGroupConfig
    main.o(i.All_Init) refers to delay.o(i.delay_init) for delay_init
    main.o(i.All_Init) refers to mpu6050.o(i.Bsp_MPU6050_Init) for Bsp_MPU6050_Init
    main.o(i.All_Init) refers to delay.o(i.delay_ms) for delay_ms
    main.o(i.All_Init) refers to bsp_hc_sr04.o(i.Bsp_HC_SR04_Init) for Bsp_HC_SR04_Init
    main.o(i.All_Init) refers to bsp_steering.o(i.Bsp_STERRING_Init) for Bsp_STERRING_Init
    main.o(i.All_Init) refers to bsp_microswitch.o(i.KEY_Init) for KEY_Init
    main.o(i.All_Init) refers to usart.o(i.uart_init) for uart_init
    main.o(i.All_Init) refers to bsp_uart.o(i.Bsp_UART4_Init) for Bsp_UART4_Init
    main.o(i.All_Init) refers to bsp_usart.o(i.Bsp_USART6_Init) for Bsp_USART6_Init
    main.o(i.All_Init) refers to bsp_motor.o(i.Bsp_Motor_Init) for Bsp_Motor_Init
    main.o(i.All_Init) refers to pid.o(i.Motor_PID_Init) for Motor_PID_Init
    main.o(i.main) refers to main.o(i.All_Init) for All_Init
    main.o(i.main) refers to tasks.o(i.xTaskCreate) for xTaskCreate
    main.o(i.main) refers to tasks.o(i.vTaskStartScheduler) for vTaskStartScheduler
    main.o(i.main) refers to speed_analysis.o(.bss) for Robot_target
    main.o(i.main) refers to main.o(.data) for startTaskHandle
    main.o(i.main) refers to main.o(i.startTask) for startTask
    main.o(i.startTask) refers to port.o(i.vPortEnterCritical) for vPortEnterCritical
    main.o(i.startTask) refers to tasks.o(i.xTaskCreate) for xTaskCreate
    main.o(i.startTask) refers to tasks.o(i.vTaskDelete) for vTaskDelete
    main.o(i.startTask) refers to port.o(i.vPortExitCritical) for vPortExitCritical
    main.o(i.startTask) refers to fsm.o(i.Chassis_control) for Chassis_control
    main.o(i.startTask) refers to fsm.o(i.Robot_FSM) for Robot_FSM
    main.o(i.startTask) refers to fsm.o(i.Get_mpu6050_data) for Get_mpu6050_data
    main.o(i.startTask) refers to fsm.o(i.Key_Check) for Key_Check
    main.o(i.startTask) refers to main.o(.data) for startTaskHandle
    system_stm32f4xx.o(i.SystemCoreClockUpdate) refers to system_stm32f4xx.o(.data) for SystemCoreClock
    system_stm32f4xx.o(i.SystemInit) refers to system_stm32f4xx.o(i.SetSysClock) for SetSysClock
    pid.o(i.ANGLE_PID) refers to pid.o(.data) for Error
    pid.o(i.Motor_PID_Init) refers to pid.o(i.PID_Init) for PID_Init
    pid.o(i.Motor_PID_Init) refers to pid.o(.bss) for motor_PID
    pid.o(i.PID_Incremental_PID_Calculation) refers to f2d.o(x$fpl$f2d) for __aeabi_f2d
    pid.o(i.PID_Incremental_PID_Calculation) refers to dmul.o(x$fpl$dmul) for __aeabi_dmul
    pid.o(i.PID_Incremental_PID_Calculation) refers to daddsub_clz.o(x$fpl$dsub) for __aeabi_dsub
    pid.o(i.PID_Incremental_PID_Calculation) refers to daddsub_clz.o(x$fpl$dadd) for __aeabi_dadd
    pid.o(i.PID_Incremental_PID_Calculation) refers to d2f.o(x$fpl$d2f) for __aeabi_d2f
    fsm.o(i.Chassis_control) refers to tasks.o(i.vTaskDelay) for vTaskDelay
    fsm.o(i.Chassis_control) refers to speed_analysis.o(i.Speed_analysis) for Speed_analysis
    fsm.o(i.Chassis_control) refers to speed_analysis.o(i.Encoder_Get_CNT) for Encoder_Get_CNT
    fsm.o(i.Chassis_control) refers to pid.o(i.PID_Incremental_PID_Calculation) for PID_Incremental_PID_Calculation
    fsm.o(i.Chassis_control) refers to speed_analysis.o(i.Set_PWM) for Set_PWM
    fsm.o(i.Chassis_control) refers to speed_analysis.o(.bss) for Robot_target
    fsm.o(i.Chassis_control) refers to pid.o(.bss) for motor_PID
    fsm.o(i.Datascope) refers to datascope.o(i.DataScope_Get_Channel_Data) for DataScope_Get_Channel_Data
    fsm.o(i.Datascope) refers to datascope.o(i.DataScope_Data_Generate) for DataScope_Data_Generate
    fsm.o(i.Datascope) refers to tasks.o(i.vTaskDelay) for vTaskDelay
    fsm.o(i.Datascope) refers to speed_analysis.o(.bss) for Encoder_realvalue
    fsm.o(i.Datascope) refers to datascope.o(.bss) for DataScope_OutPut_Buffer
    fsm.o(i.Get_mpu6050_data) refers to inv_mpu.o(i.mpu_dmp_get_data) for mpu_dmp_get_data
    fsm.o(i.Get_mpu6050_data) refers to fsm.o(i.mpu_limit) for mpu_limit
    fsm.o(i.Get_mpu6050_data) refers to tasks.o(i.vTaskDelay) for vTaskDelay
    fsm.o(i.Get_mpu6050_data) refers to speed_analysis.o(.bss) for Robot_target
    fsm.o(i.Key_Check) refers to stm32f4xx_gpio.o(i.GPIO_ReadInputDataBit) for GPIO_ReadInputDataBit
    fsm.o(i.Key_Check) refers to tasks.o(i.vTaskDelay) for vTaskDelay
    fsm.o(i.Key_Check) refers to stm32f4xx_gpio.o(i.GPIO_ResetBits) for GPIO_ResetBits
    fsm.o(i.Key_Check) refers to fsm.o(.data) for ROBOT
    fsm.o(i.Robot_FSM) refers to voice_broadcast.o(i.Send_data) for Send_data
    fsm.o(i.Robot_FSM) refers to bsp_steering.o(i.open1) for open1
    fsm.o(i.Robot_FSM) refers to tasks.o(i.vTaskDelay) for vTaskDelay
[...]
    ETH_IRQHandler                           0x0800034b   Thumb Code     0  startup_stm32f40_41xxx.o(.text)
    ETH_WKUP_IRQHandler                      0x0800034b   Thumb Code     0  startup_stm32f40_41xxx.o(.text)
    EXTI0_IRQHandler                         0x0800034b   Thumb Code     0  startup_stm32f40_41xxx.o(.text)
    EXTI15_10_IRQHandler                     0x0800034b   Thumb Code     0  startup_stm32f40_41xxx.o(.text)
    EXTI1_IRQHandler                         0x0800034b   Thumb Code     0  startup_stm32f40_41xxx.o(.text)
    EXTI2_IRQHandler                         0x0800034b   Thumb Code     0  startup_stm32f40_41xxx.o(.text)
    EXTI3_IRQHandler                         0x0800034b   Thumb Code     0  startup_stm32f40_41xxx.o(.text)
    EXTI4_IRQHandler                         0x0800034b   Thumb Code     0  startup_stm32f40_41xxx.o(.text)
    EXTI9_5_IRQHandler                       0x0800034b   Thumb Code     0  startup_stm32f40_41xxx.o(.text)
    FLASH_IRQHandler                         0x0800034b   Thumb Code     0  startup_stm32f40_41xxx.o(.text)
    FPU_IRQHandler                           0x0800034b   Thumb Code     0  startup_stm32f40_41xxx.o(.text)
    FSMC_IRQHandler                          0x0800034b   Thumb Code     0  startup_stm32f40_41xxx.o(.text)
    HASH_RNG_IRQHandler                      0x0800034b   Thumb Code     0  startup_stm32f40_41xxx.o(.text)
    I2C1_ER_IRQHandler                       0x0800034b   Thumb Code     0  startup_stm32f40_41xxx.o(.text)
    I2C1_EV_IRQHandler                       0x0800034b   Thumb Code     0  startup_stm32f40_41xxx.o(.text)
    I2C2_ER_IRQHandler                       0x0800034b   Thumb Code     0  startup_stm32f40_41xxx.o(.text)
    I2C2_EV_IRQHandler                       0x0800034b   Thumb Code     0  startup_stm32f40_41xxx.o(.text)
    I2C3_ER_IRQHandler                       0x0800034b   Thumb Code     0  startup_stm32f40_41xxx.o(.text)
    I2C3_EV_IRQHandler                       0x0800034b   Thumb Code     0  startup_stm32f40_41xxx.o(.text)
    OTG_FS_IRQHandler                        0x0800034b   Thumb Code     0  startup_stm32f40_41xxx.o(.text)
    OTG_FS_WKUP_IRQHandler                   0x0800034b   Thumb Code     0  startup_stm32f40_41xxx.o(.text)
    OTG_HS_EP1_IN_IRQHandler                 0x0800034b   Thumb Code     0  startup_stm32f40_41xxx.o(.text)
    OTG_HS_EP1_OUT_IRQHandler                0x0800034b   Thumb Code     0  startup_stm32f40_41xxx.o(.text)
    OTG_HS_IRQHandler                        0x0800034b   Thumb Code     0  startup_stm32f40_41xxx.o(.text)
    OTG_HS_WKUP_IRQHandler                   0x0800034b   Thumb Code     0  startup_stm32f40_41xxx.o(.text)
    PVD_IRQHandler                           0x0800034b   Thumb Code     0  startup_stm32f40_41xxx.o(.text)
    RCC_IRQHandler                           0x0800034b   Thumb Code     0  startup_stm32f40_41xxx.o(.text)
    RTC_Alarm_IRQHandler                     0x0800034b   Thumb Code     0  startup_stm32f40_41xxx.o(.text)
    RTC_WKUP_IRQHandler                      0x0800034b   Thumb Code     0  startup_stm32f40_41xxx.o(.text)
    SDIO_IRQHandler                          0x0800034b   Thumb Code     0  startup_stm32f40_41xxx.o(.text)
    SPI1_IRQHandler                          0x0800034b   Thumb Code     0  startup_stm32f40_41xxx.o(.text)
    SPI2_IRQHandler                          0x0800034b   Thumb Code     0  startup_stm32f40_41xxx.o(.text)
    SPI3_IRQHandler                          0x0800034b   Thumb Code     0  startup_stm32f40_41xxx.o(.text)
    TAMP_STAMP_IRQHandler                    0x0800034b   Thumb Code     0  startup_stm32f40_41xxx.o(.text)
    TIM1_BRK_TIM9_IRQHandler                 0x0800034b   Thumb Code     0  startup_stm32f40_41xxx.o(.text)
    TIM1_CC_IRQHandler                       0x0800034b   Thumb Code     0  startup_stm32f40_41xxx.o(.text)
    TIM1_TRG_COM_TIM11_IRQHandler            0x0800034b   Thumb Code     0  startup_stm32f40_41xxx.o(.text)
    TIM1_UP_TIM10_IRQHandler                 0x0800034b   Thumb Code     0  startup_stm32f40_41xxx.o(.text)
    TIM6_DAC_IRQHandler                      0x0800034b   Thumb Code     0  startup_stm32f40_41xxx.o(.text)
    TIM8_BRK_TIM12_IRQHandler                0x0800034b   Thumb Code     0  startup_stm32f40_41xxx.o(.text)
    TIM8_CC_IRQHandler                       0x0800034b   Thumb Code     0  startup_stm32f40_41xxx.o(.text)
    TIM8_TRG_COM_TIM14_IRQHandler            0x0800034b   Thumb Code     0  startup_stm32f40_41xxx.o(.text)
    TIM8_UP_TIM13_IRQHandler                 0x0800034b   Thumb Code     0  startup_stm32f40_41xxx.o(.text)
    USART1_IRQHandler                        0x0800034b   Thumb Code     0  startup_stm32f40_41xxx.o(.text)
    USART3_IRQHandler                        0x0800034b   Thumb Code     0  startup_stm32f40_41xxx.o(.text)
    WWDG_IRQHandler                          0x0800034b   Thumb Code     0  startup_stm32f40_41xxx.o(.text)
    __user_initial_stackheap                 0x0800034d   Thumb Code     0  startup_stm32f40_41xxx.o(.text)
    __use_no_semihosting                     0x08000371   Thumb Code     2  use_no_semi_2.o(.text)
    __aeabi_ldivmod                          0x08000373   Thumb Code     0  llsdiv.o(.text)
    _ll_sdiv                                 0x08000373   Thumb Code    72  llsdiv.o(.text)
    __2printf                                0x080003bd   Thumb Code    20  noretval__2printf.o(.text)
    _printf_str                              0x080003d5   Thumb Code    82  _printf_str.o(.text)
    _printf_int_dec                          0x08000429   Thumb Code   104  _printf_dec.o(.text)
    __printf                                 0x080004a1   Thumb Code   308  __printf_flags_wp.o(.text)
    memcmp                                   0x080005d9   Thumb Code    88  memcmp.o(.text)
    __aeabi_memcpy                           0x08000631   Thumb Code     0  rt_memcpy_v6.o(.text)
    __rt_memcpy                              0x08000631   Thumb Code   138  rt_memcpy_v6.o(.text)
    _memcpy_lastbytes                        0x08000697   Thumb Code     0  rt_memcpy_v6.o(.text)
    __aeabi_memset                           0x080006bb   Thumb Code    16  aeabi_memset.o(.text)
    __use_two_region_memory                  0x080006cb   Thumb Code     2  heapauxi.o(.text)
    __rt_heap_escrow$2region                 0x080006cd   Thumb Code     2  heapauxi.o(.text)
    __rt_heap_expand$2region                 0x080006cf   Thumb Code     2  heapauxi.o(.text)
    __I$use$semihosting                      0x080006d1   Thumb Code     0  use_no_semi.o(.text)
    __use_no_semihosting_swi                 0x080006d1   Thumb Code     2  use_no_semi.o(.text)
    __aeabi_uldivmod                         0x080006d3   Thumb Code     0  lludivv7m.o(.text)
    _ll_udiv                                 0x080006d3   Thumb Code   238  lludivv7m.o(.text)
    __read_errno                             0x080007c1   Thumb Code    10  _rserrno.o(.text)
    __set_errno                              0x080007cb   Thumb Code    12  _rserrno.o(.text)
    _printf_int_common                       0x080007d7   Thumb Code   178  _printf_intcommon.o(.text)
    _printf_char_common                      0x08000893   Thumb Code    32  _printf_char_common.o(.text)
    _printf_cs_common                        0x080008b9   Thumb Code    20  _printf_char.o(.text)
    _printf_char                             0x080008cd   Thumb Code    16  _printf_char.o(.text)
    _printf_string                           0x080008dd   Thumb Code     8  _printf_char.o(.text)
    _printf_char_file                        0x080008e5   Thumb Code    32  _printf_char_file.o(.text)
    __aeabi_memcpy4                          0x08000909   Thumb Code     0  rt_memcpy_w.o(.text)
    __aeabi_memcpy8                          0x08000909   Thumb Code     0  rt_memcpy_w.o(.text)
    __rt_memcpy_w                            0x08000909   Thumb Code   100  rt_memcpy_w.o(.text)
    _memcpy_lastbytes_aligned                0x08000951   Thumb Code     0  rt_memcpy_w.o(.text)
    __aeabi_memclr                           0x0800096d   Thumb Code     0  rt_memclr.o(.text)
    __rt_memclr                              0x0800096d   Thumb Code    68  rt_memclr.o(.text)
    _memset                                  0x08000971   Thumb Code     0  rt_memclr.o(.text)
    __aeabi_errno_addr                       0x080009b1   Thumb Code     8  rt_errno_addr_intlibspace.o(.text)
    __errno$intlibspace                      0x080009b1   Thumb Code     0  rt_errno_addr_intlibspace.o(.text)
    __rt_errno_addr$intlibspace              0x080009b1   Thumb Code     0  rt_errno_addr_intlibspace.o(.text)
    ferror                                   0x080009b9   Thumb Code     8  ferror.o(.text)
    __aeabi_memclr4                          0x080009c1   Thumb Code     0  rt_memclr_w.o(.text)
    __aeabi_memclr8                          0x080009c1   Thumb Code     0  rt_memclr_w.o(.text)
    __rt_memclr_w                            0x080009c1   Thumb Code    78  rt_memclr_w.o(.text)
    _memset_w                                0x080009c5   Thumb Code     0  rt_memclr_w.o(.text)
    __user_libspace                          0x08000a11   Thumb Code     8  libspace.o(.text)
    __user_perproc_libspace                  0x08000a11   Thumb Code     0  libspace.o(.text)
    __user_perthread_libspace                0x08000a11   Thumb Code     0  libspace.o(.text)
    __user_setup_stackheap                   0x08000a19   Thumb Code    74  sys_stackheap_outer.o(.text)
    exit                                     0x08000a63   Thumb Code    18  exit.o(.text)
    All_Init                                 0x08000a75   Thumb Code    74  main.o(i.All_Init)
    Bsp_HC_SR04_Init                         0x08000abf   Thumb Code    12  bsp_hc_sr04.o(i.Bsp_HC_SR04_Init)
    Bsp_MPU6050_Init                         0x08000acb   Thumb Code    18  mpu6050.o(i.Bsp_MPU6050_Init)
    Bsp_Motor_Init                           0x08000add   Thumb Code    44  bsp_motor.o(i.Bsp_Motor_Init)
    Bsp_STERRING_Init                        0x08000b09   Thumb Code    46  bsp_steering.o(i.Bsp_STERRING_Init)
    Bsp_UART4_Init                           0x08000b41   Thumb Code   174  bsp_uart.o(i.Bsp_UART4_Init)
    Bsp_USART6_Init                          0x08000bf9   Thumb Code   172  bsp_usart.o(i.Bsp_USART6_Init)
    Chassis_control                          0x08000cad   Thumb Code   156  fsm.o(i.Chassis_control)
    Encoder_Get_CNT                          0x08000d5d   Thumb Code   114  speed_analysis.o(i.Encoder_Get_CNT)
    GPIO_Init                                0x08000de1   Thumb Code   144  stm32f4xx_gpio.o(i.GPIO_Init)
    GPIO_PinAFConfig                         0x08000e71   Thumb Code    70  stm32f4xx_gpio.o(i.GPIO_PinAFConfig)
    GPIO_ReadInputDataBit                    0x08000eb7   Thumb Code    18  stm32f4xx_gpio.o(i.GPIO_ReadInputDataBit)
    GPIO_ResetBits                           0x08000ec9   Thumb Code     4  stm32f4xx_gpio.o(i.GPIO_ResetBits)
    Get_mpu6050_data                         0x08000ecd   Thumb Code    42  fsm.o(i.Get_mpu6050_data)
    Hcsr04Init                               0x08000efd   Thumb Code   162  bsp_hc_sr04.o(i.Hcsr04Init)
    Hcsr04Init2                              0x08000fa9   Thumb Code   162  bsp_hc_sr04.o(i.Hcsr04Init2)
    IIC_Ack                                  0x08001055   Thumb Code    66  myiic.o(i.IIC_Ack)
    IIC_Init                                 0x080010a5   Thumb Code    62  myiic.o(i.IIC_Init)
    IIC_NAck                                 0x080010f1   Thumb Code    66  myiic.o(i.IIC_NAck)
    IIC_Read_Byte                            0x08001141   Thumb Code    94  myiic.o(i.IIC_Read_Byte)
    IIC_Send_Byte                            0x080011ad   Thumb Code    90  myiic.o(i.IIC_Send_Byte)
    IIC_Start                                0x08001215   Thumb Code    64  myiic.o(i.IIC_Start)
    IIC_Stop                                 0x08001261   Thumb Code    62  myiic.o(i.IIC_Stop)
    IIC_Wait_Ack                             0x080012ad   Thumb Code    82  myiic.o(i.IIC_Wait_Ack)
    KEY_Init                                 0x0800130d   Thumb Code    64  bsp_microswitch.o(i.KEY_Init)
    Key_Check                                0x08001355   Thumb Code   140  fsm.o(i.Key_Check)
    MPU_Init                                 0x080013ed   Thumb Code   122  mpu6050.o(i.MPU_Init)
    MPU_Read_Byte                            0x08001467   Thumb Code    58  mpu6050.o(i.MPU_Read_Byte)
    MPU_Read_Len                             0x080014a1   Thumb Code   116  mpu6050.o(i.MPU_Read_Len)
    MPU_Set_Accel_Fsr                        0x08001515   Thumb Code    16  mpu6050.o(i.MPU_Set_Accel_Fsr)
    MPU_Set_Gyro_Fsr                         0x08001525   Thumb Code    16  mpu6050.o(i.MPU_Set_Gyro_Fsr)
    MPU_Set_LPF                              0x08001535   Thumb Code    58  mpu6050.o(i.MPU_Set_LPF)
    MPU_Set_Rate                             0x0800156f   Thumb Code    58  mpu6050.o(i.MPU_Set_Rate)
    MPU_Write_Byte                           0x080015a9   Thumb Code    68  mpu6050.o(i.MPU_Write_Byte)
    MPU_Write_Len                            0x080015ed   Thumb Code    96  mpu6050.o(i.MPU_Write_Len)
    Motor_PID_Init                           0x0800164d   Thumb Code    98  pid.o(i.Motor_PID_Init)
    NVIC_Init                                0x080016cd   Thumb Code   106  misc.o(i.NVIC_Init)
    NVIC_PriorityGroupConfig                 0x08001745   Thumb Code    10  misc.o(i.NVIC_PriorityGroupConfig)
    PID_Incremental_PID_Calculation          0x08001759   Thumb Code   366  pid.o(i.PID_Incremental_PID_Calculation)
    PID_Init                                 0x080018d1   Thumb Code    58  pid.o(i.PID_Init)
    RCC_AHB1PeriphClockCmd                   0x08001911   Thumb Code    26  stm32f4xx_rcc.o(i.RCC_AHB1PeriphClockCmd)
    RCC_APB1PeriphClockCmd                   0x08001931   Thumb Code    26  stm32f4xx_rcc.o(i.RCC_APB1PeriphClockCmd)
    RCC_APB1PeriphResetCmd                   0x08001951   Thumb Code    26  stm32f4xx_rcc.o(i.RCC_APB1PeriphResetCmd)
    RCC_APB2PeriphClockCmd                   0x08001971   Thumb Code    26  stm32f4xx_rcc.o(i.RCC_APB2PeriphClockCmd)
    RCC_APB2PeriphResetCmd                   0x08001991   Thumb Code    26  stm32f4xx_rcc.o(i.RCC_APB2PeriphResetCmd)
    RCC_GetClocksFreq                        0x080019b1   Thumb Code   214  stm32f4xx_rcc.o(i.RCC_GetClocksFreq)
    Robot_FSM                                0x08001a99   Thumb Code  1486  fsm.o(i.Robot_FSM)
    Send_data                                0x08002081   Thumb Code    42  voice_broadcast.o(i.Send_data)
    Set_PWM                                  0x0800219d   Thumb Code   604  speed_analysis.o(i.Set_PWM)
    Speed_analysis                           0x08002419   Thumb Code  1430  speed_analysis.o(i.Speed_analysis)
    Speed_programme                          0x080029b9   Thumb Code   194  speed_analysis.o(i.Speed_programme)
    SysTick_CLKSourceConfig                  0x08002a81   Thumb Code    40  misc.o(i.SysTick_CLKSourceConfig)
    SysTick_Handler                          0x08002aa9   Thumb Code    28  delay.o(i.SysTick_Handler)
    SystemInit                               0x08002ac9   Thumb Code    88  system_stm32f4xx.o(i.SystemInit)
    TB6612_Init                              0x08002b31   Thumb Code   150  bsp_motor.o(i.TB6612_Init)
    TIM12_PWM_Init                           0x08002cf9   Thumb Code   180  bsp_motor.o(i.TIM12_PWM_Init)
    TIM13_PWM_Init                           0x08002db5   Thumb Code   152  bsp_steering.o(i.TIM13_PWM_Init)
    TIM14_PWM_Init                           0x08002e55   Thumb Code   152  bsp_steering.o(i.TIM14_PWM_Init)
    TIM1_ENCODER_Init                        0x08002ef5   Thumb Code   214  bsp_motor.o(i.TIM1_ENCODER_Init)
    TIM2_ENCODER_Init                        0x08002fd9   Thumb Code   178  bsp_motor.o(i.TIM2_ENCODER_Init)
    TIM2_IRQHandler                          0x08003091   Thumb Code    24  bsp_motor.o(i.TIM2_IRQHandler)
    TIM3_ENCODER_Init                        0x080030a9   Thumb Code   172  bsp_motor.o(i.TIM3_ENCODER_Init)
    TIM3_IRQHandler                          0x0800315d   Thumb Code    18  bsp_motor.o(i.TIM3_IRQHandler)
    TIM4_ENCODER_Init                        0x08003175   Thumb Code   172  bsp_motor.o(i.TIM4_ENCODER_Init)
    TIM4_IRQHandler                          0x08003229   Thumb Code    18  bsp_motor.o(i.TIM4_IRQHandler)
    TIM5_IRQHandler                          0x08003241   Thumb Code    32  bsp_hc_sr04.o(i.TIM5_IRQHandler)
    TIM7_IRQHandler                          0x08003269   Thumb Code    32  bsp_hc_sr04.o(i.TIM7_IRQHandler)
    TIM9_PWM_Init                            0x08003291   Thumb Code   178  bsp_motor.o(i.TIM9_PWM_Init)
    TIM_ARRPreloadConfig                     0x0800334d   Thumb Code    24  stm32f4xx_tim.o(i.TIM_ARRPreloadConfig)
    TIM_ClearFlag                            0x08003365   Thumb Code     6  stm32f4xx_tim.o(i.TIM_ClearFlag)
    TIM_ClearITPendingBit                    0x0800336b   Thumb Code     6  stm32f4xx_tim.o(i.TIM_ClearITPendingBit)
    TIM_Cmd                                  0x08003371   Thumb Code    24  stm32f4xx_tim.o(i.TIM_Cmd)
    TIM_DeInit                               0x08003389   Thumb Code   346  stm32f4xx_tim.o(i.TIM_DeInit)
    TIM_EncoderInterfaceConfig               0x08003519   Thumb Code    66  stm32f4xx_tim.o(i.TIM_EncoderInterfaceConfig)
    TIM_GetITStatus                          0x0800355b   Thumb Code    34  stm32f4xx_tim.o(i.TIM_GetITStatus)
    TIM_ICInit                               0x0800357d   Thumb Code   110  stm32f4xx_tim.o(i.TIM_ICInit)
    TIM_ICStructInit                         0x080035eb   Thumb Code    18  stm32f4xx_tim.o(i.TIM_ICStructInit)
    TIM_ITConfig                             0x080035fd   Thumb Code    18  stm32f4xx_tim.o(i.TIM_ITConfig)
    TIM_OC1Init                              0x08003611   Thumb Code   114  stm32f4xx_tim.o(i.TIM_OC1Init)
    TIM_OC1PreloadConfig                     0x0800368d   Thumb Code    18  stm32f4xx_tim.o(i.TIM_OC1PreloadConfig)
    TIM_OC2Init                              0x080036a1   Thumb Code   154  stm32f4xx_tim.o(i.TIM_OC2Init)
    TIM_OC2PreloadConfig                     0x08003745   Thumb Code    26  stm32f4xx_tim.o(i.TIM_OC2PreloadConfig)
    TIM_SetCompare1                          0x0800375f   Thumb Code     4  stm32f4xx_tim.o(i.TIM_SetCompare1)
    TIM_SetCompare2                          0x08003763   Thumb Code     4  stm32f4xx_tim.o(i.TIM_SetCompare2)
    TIM_SetCounter                           0x08003767   Thumb Code     4  stm32f4xx_tim.o(i.TIM_SetCounter)
    TIM_SetIC1Prescaler                      0x0800376b   Thumb Code    18  stm32f4xx_tim.o(i.TIM_SetIC1Prescaler)
    TIM_SetIC2Prescaler                      0x0800377d   Thumb Code    26  stm32f4xx_tim.o(i.TIM_SetIC2Prescaler)
    TIM_SetIC3Prescaler                      0x08003797   Thumb Code    18  stm32f4xx_tim.o(i.TIM_SetIC3Prescaler)
    TIM_SetIC4Prescaler                      0x080037a9   Thumb Code    26  stm32f4xx_tim.o(i.TIM_SetIC4Prescaler)
    TIM_TimeBaseInit                         0x080037c5   Thumb Code   104  stm32f4xx_tim.o(i.TIM_TimeBaseInit)
    UART4_IRQHandler                         0x08003849   Thumb Code    86  bsp_uart.o(i.UART4_IRQHandler)
    UART5_IRQHandler                         0x080038b1   Thumb Code    42  bsp_uart.o(i.UART5_IRQHandler)
    USART2_IRQHandler                        0x080038e1   Thumb Code    52  bsp_usart.o(i.USART2_IRQHandler)
    USART6_IRQHandler                        0x0800391d   Thumb Code    52  bsp_usart.o(i.USART6_IRQHandler)
    USART_ClearFlag                          0x08003959   Thumb Code    18  stm32f4xx_usart.o(i.USART_ClearFlag)
    USART_ClearITPendingBit                  0x0800396b   Thumb Code    30  stm32f4xx_usart.o(i.USART_ClearITPendingBit)
    USART_Cmd                                0x08003989   Thumb Code    24  stm32f4xx_usart.o(i.USART_Cmd)
    USART_GetFlagStatus                      0x080039a1   Thumb Code    26  stm32f4xx_usart.o(i.USART_GetFlagStatus)
    USART_GetITStatus                        0x080039bb   Thumb Code    84  stm32f4xx_usart.o(i.USART_GetITStatus)
    USART_ITConfig                           0x08003a0f   Thumb Code    74  stm32f4xx_usart.o(i.USART_ITConfig)
    USART_Init                               0x08003a59   Thumb Code   204  stm32f4xx_usart.o(i.USART_Init)
    USART_ReceiveData                        0x08003b2d   Thumb Code    10  stm32f4xx_usart.o(i.USART_ReceiveData)
    USART_SendData                           0x08003b37   Thumb Code     8  stm32f4xx_usart.o(i.USART_SendData)
    __ARM_fpclassify                         0x08003b3f   Thumb Code    48  fpclassify.o(i.__ARM_fpclassify)
    __hardfp_asin                            0x08003b71   Thumb Code   770  asin.o(i.__hardfp_asin)
    __hardfp_atan                            0x08003ed1   Thumb Code   622  atan.o(i.__hardfp_atan)
    __hardfp_atan2                           0x080041a9   Thumb Code   448  atan2.o(i.__hardfp_atan2)
    __hardfp_sqrt                            0x080043a9   Thumb Code   122  sqrt.o(i.__hardfp_sqrt)
    __kernel_poly                            0x08004423   Thumb Code   248  poly.o(i.__kernel_poly)
    __mathlib_dbl_infnan                     0x0800451b   Thumb Code    20  dunder.o(i.__mathlib_dbl_infnan)
    __mathlib_dbl_infnan2                    0x0800452f   Thumb Code    20  dunder.o(i.__mathlib_dbl_infnan2)
    __mathlib_dbl_invalid                    0x08004549   Thumb Code    24  dunder.o(i.__mathlib_dbl_invalid)
    __mathlib_dbl_underflow                  0x08004569   Thumb Code    24  dunder.o(i.__mathlib_dbl_underflow)
    _is_digit                                0x08004589   Thumb Code    14  __printf_wp.o(i._is_digit)
    _sys_exit                                0x08004597   Thumb Code     4  usart.o(i._sys_exit)
    atan                                     0x0800465d   Thumb Code    16  atan.o(i.atan)
    close1                                   0x0800466d   Thumb Code    18  bsp_steering.o(i.close1)
    close2                                   0x08004685   Thumb Code    18  bsp_steering.o(i.close2)
    delay_init                               0x08004701   Thumb Code    58  delay.o(i.delay_init)
    delay_ms                                 0x08004745   Thumb Code    60  delay.o(i.delay_ms)
    delay_us                                 0x08004785   Thumb Code    68  delay.o(i.delay_us)
    dmp_enable_6x_lp_quat                    0x080047cd   Thumb Code    60  inv_mpu_dmp_motion_driver.o(i.dmp_enable_6x_lp_quat)
    dmp_enable_feature                       0x08004809   Thumb Code   530  inv_mpu_dmp_motion_driver.o(i.dmp_enable_feature)
    dmp_enable_gyro_cal                      0x08004a25   Thumb Code    62  inv_mpu_dmp_motion_driver.o(i.dmp_enable_gyro_cal)
    dmp_enable_lp_quat                       0x08004a7d   Thumb Code    60  inv_mpu_dmp_motion_driver.o(i.dmp_enable_lp_quat)
    dmp_load_motion_driver_firmware          0x08004ab9   Thumb Code    20  inv_mpu_dmp_motion_driver.o(i.dmp_load_motion_driver_firmware)
    dmp_read_fifo                            0x08004ad1   Thumb Code   456  inv_mpu_dmp_motion_driver.o(i.dmp_read_fifo)
    dmp_set_accel_bias                       0x08004c9d   Thumb Code   300  inv_mpu_dmp_motion_driver.o(i.dmp_set_accel_bias)
    dmp_set_fifo_rate                        0x08004dcd   Thumb Code    96  inv_mpu_dmp_motion_driver.o(i.dmp_set_fifo_rate)
    dmp_set_gyro_bias                        0x08004e3d   Thumb Code   294  inv_mpu_dmp_motion_driver.o(i.dmp_set_gyro_bias)
    dmp_set_orientation                      0x08004f6d   Thumb Code   290  inv_mpu_dmp_motion_driver.o(i.dmp_set_orientation)
    dmp_set_shake_reject_thresh              0x080050a5   Thumb Code    56  inv_mpu_dmp_motion_driver.o(i.dmp_set_shake_reject_thresh)
    dmp_set_shake_reject_time                0x080050dd   Thumb Code    38  inv_mpu_dmp_motion_driver.o(i.dmp_set_shake_reject_time)
    dmp_set_shake_reject_timeout             0x08005103   Thumb Code    38  inv_mpu_dmp_motion_driver.o(i.dmp_set_shake_reject_timeout)
    dmp_set_tap_axes                         0x08005129   Thumb Code    70  inv_mpu_dmp_motion_driver.o(i.dmp_set_tap_axes)
    dmp_set_tap_count                        0x0800516f   Thumb Code    38  inv_mpu_dmp_motion_driver.o(i.dmp_set_tap_count)
    dmp_set_tap_thresh                       0x08005195   Thumb Code   412  inv_mpu_dmp_motion_driver.o(i.dmp_set_tap_thresh)
    dmp_set_tap_time                         0x08005355   Thumb Code    38  inv_mpu_dmp_motion_driver.o(i.dmp_set_tap_time)
    dmp_set_tap_time_multi                   0x0800537b   Thumb Code    38  inv_mpu_dmp_motion_driver.o(i.dmp_set_tap_time_multi)
    fabs                                     0x080053a1   Thumb Code    24  fabs.o(i.fabs)
    fputc                                    0x080053b9   Thumb Code    22  usart.o(i.fputc)
    hcsr04_NVIC                              0x08005a2d   Thumb Code    40  bsp_hc_sr04.o(i.hcsr04_NVIC)
    hcsr04_NVIC2                             0x08005a55   Thumb Code    40  bsp_hc_sr04.o(i.hcsr04_NVIC2)
    inv_orientation_matrix_to_scalar         0x08005a7d   Thumb Code    40  inv_mpu.o(i.inv_orientation_matrix_to_scalar)
    inv_row_2_scale                          0x08005aa5   Thumb Code    78  inv_mpu.o(i.inv_row_2_scale)
    main                                     0x08005af5   Thumb Code    46  main.o(i.main)
    mget_ms                                  0x08005b41   Thumb Code     2  inv_mpu.o(i.mget_ms)
    mpu_configure_fifo                       0x08005b45   Thumb Code   106  inv_mpu.o(i.mpu_configure_fifo)
    mpu_dmp_get_data                         0x08005bb5   Thumb Code   520  inv_mpu.o(i.mpu_dmp_get_data)
    mpu_dmp_init                             0x08005dcd   Thumb Code   150  inv_mpu.o(i.mpu_dmp_init)
    mpu_get_accel_fsr                        0x08005e69   Thumb Code    72  inv_mpu.o(i.mpu_get_accel_fsr)
    mpu_get_accel_sens                       0x08005eb5   Thumb Code    78  inv_mpu.o(i.mpu_get_accel_sens)
    mpu_get_fifo_config                      0x08005f09   Thumb Code    12  inv_mpu.o(i.mpu_get_fifo_config)
    mpu_get_gyro_fsr                         0x08005f19   Thumb Code    64  inv_mpu.o(i.mpu_get_gyro_fsr)
    mpu_get_gyro_sens                        0x08005f5d   Thumb Code    74  inv_mpu.o(i.mpu_get_gyro_sens)
    mpu_get_lpf                              0x08005fbd   Thumb Code    74  inv_mpu.o(i.mpu_get_lpf)
    mpu_get_sample_rate                      0x0800600d   Thumb Code    26  inv_mpu.o(i.mpu_get_sample_rate)
    mpu_init                                 0x0800602d   Thumb Code   416  inv_mpu.o(i.mpu_init)
    mpu_limit                                0x0800621d   Thumb Code    58  fsm.o(i.mpu_limit)
    mpu_load_firmware                        0x0800625d   Thumb Code   180  inv_mpu.o(i.mpu_load_firmware)
    mpu_lp_accel_mode                        0x08006315   Thumb Code   218  inv_mpu.o(i.mpu_lp_accel_mode)
    mpu_read_fifo_stream                     0x080063f5   Thumb Code   186  inv_mpu.o(i.mpu_read_fifo_stream)
    mpu_read_mem                             0x080064b5   Thumb Code   122  inv_mpu.o(i.mpu_read_mem)
    mpu_reset_fifo                           0x08006535   Thumb Code   450  inv_mpu.o(i.mpu_reset_fifo)
    mpu_run_self_test                        0x080066fd   Thumb Code   278  inv_mpu.o(i.mpu_run_self_test)
    mpu_set_accel_fsr                        0x08006819   Thumb Code   126  inv_mpu.o(i.mpu_set_accel_fsr)
    mpu_set_bypass                           0x0800689d   Thumb Code   328  inv_mpu.o(i.mpu_set_bypass)
    mpu_set_dmp_state                        0x080069e9   Thumb Code   138  inv_mpu.o(i.mpu_set_dmp_state)
    mpu_set_gyro_fsr                         0x08006a79   Thumb Code   132  inv_mpu.o(i.mpu_set_gyro_fsr)
    mpu_set_int_latched                      0x08006b01   Thumb Code   102  inv_mpu.o(i.mpu_set_int_latched)
    mpu_set_lpf                              0x08006b6d   Thumb Code   126  inv_mpu.o(i.mpu_set_lpf)
    mpu_set_sample_rate                      0x08006bf1   Thumb Code   152  inv_mpu.o(i.mpu_set_sample_rate)
    mpu_set_sensors                          0x08006c8d   Thumb Code   202  inv_mpu.o(i.mpu_set_sensors)
    mpu_write_mem                            0x08006d5d   Thumb Code   122  inv_mpu.o(i.mpu_write_mem)
    open1                                    0x08006ddd   Thumb Code    18  bsp_steering.o(i.open1)
    open2                                    0x08006df5   Thumb Code    18  bsp_steering.o(i.open2)
    pvPortMalloc                             0x08007929   Thumb Code   262  heap_4.o(i.pvPortMalloc)
    pvTaskIncrementMutexHeldCount            0x08007a85   Thumb Code    26  tasks.o(i.pvTaskIncrementMutexHeldCount)
    pxPortInitialiseStack                    0x08007aa5   Thumb Code    38  port.o(i.pxPortInitialiseStack)
    run_self_test                            0x08007ad1   Thumb Code   154  inv_mpu.o(i.run_self_test)
    sqrt                                     0x08007bfd   Thumb Code   110  sqrt.o(i.sqrt)
    uart_init                                0x08007d2d   Thumb Code   166  usart.o(i.uart_init)
    uxListRemove                             0x08007ddd   Thumb Code    40  list.o(i.uxListRemove)
    vListInitialise                          0x08007e05   Thumb Code    26  list.o(i.vListInitialise)
    vListInitialiseItem                      0x08007e1f   Thumb Code     6  list.o(i.vListInitialiseItem)
    vListInsert                              0x08007e25   Thumb Code    52  list.o(i.vListInsert)
    vListInsertEnd                           0x08007e59   Thumb Code    24  list.o(i.vListInsertEnd)
    vPortEnterCritical                       0x08007e71   Thumb Code    68  port.o(i.vPortEnterCritical)
    vPortExitCritical                        0x08007f01   Thumb Code    48  port.o(i.vPortExitCritical)
    vPortFree                                0x08007f79   Thumb Code   120  heap_4.o(i.vPortFree)
    vPortSetupTimerInterrupt                 0x08008039   Thumb Code    26  port.o(i.vPortSetupTimerInterrupt)
    vPortValidateInterruptPriority           0x08008059   Thumb Code    86  port.o(i.vPortValidateInterruptPriority)
    vQueueAddToRegistry                      0x08008101   Thumb Code    38  queue.o(i.vQueueAddToRegistry)
    vQueueWaitForMessageRestricted           0x0800812d   Thumb Code    74  queue.o(i.vQueueWaitForMessageRestricted)
    vTaskDelay                               0x08008179   Thumb Code    72  tasks.o(i.vTaskDelay)
    vTaskDelete                              0x080081f5   Thumb Code   192  tasks.o(i.vTaskDelete)
    vTaskMissedYield                         0x08008309   Thumb Code     8  tasks.o(i.vTaskMissedYield)
    vTaskPlaceOnEventList                    0x08008315   Thumb Code    42  tasks.o(i.vTaskPlaceOnEventList)
    vTaskPlaceOnEventListRestricted          0x08008371   Thumb Code    50  tasks.o(i.vTaskPlaceOnEventListRestricted)
    vTaskPriorityInherit                     0x080083d5   Thumb Code   164  tasks.o(i.vTaskPriorityInherit)
    vTaskSetTimeOutState                     0x08008485   Thumb Code    32  tasks.o(i.vTaskSetTimeOutState)
    vTaskStartScheduler                      0x080084d9   Thumb Code   108  tasks.o(i.vTaskStartScheduler)
    vTaskSuspendAll                          0x0800858d   Thumb Code    12  tasks.o(i.vTaskSuspendAll)
    vTaskSwitchContext                       0x0800859d   Thumb Code   110  tasks.o(i.vTaskSwitchContext)
    xPortStartScheduler                      0x0800864d   Thumb Code   258  port.o(i.xPortStartScheduler)
    xPortSysTickHandler                      0x080087b1   Thumb Code    46  port.o(i.xPortSysTickHandler)
    xQueueGenericCreate                      0x080087e5   Thumb Code    78  queue.o(i.xQueueGenericCreate)
    xQueueGenericReceive                     0x08008861   Thumb Code   416  queue.o(i.xQueueGenericReceive)
    xQueueGenericReset                       0x08008a31   Thumb Code   136  queue.o(i.xQueueGenericReset)
    xQueueGenericSend                        0x08008ae9   Thumb Code   412  queue.o(i.xQueueGenericSend)
    xQueueGenericSendFromISR                 0x08008cb5   Thumb Code   234  queue.o(i.xQueueGenericSendFromISR)
    xTaskCheckForTimeOut                     0x08008dcd   Thumb Code   116  tasks.o(i.xTaskCheckForTimeOut)
    xTaskCreate                              0x08008e75   Thumb Code    96  tasks.o(i.xTaskCreate)
    xTaskGetSchedulerState                   0x08008ed5   Thumb Code    24  tasks.o(i.xTaskGetSchedulerState)
    xTaskGetTickCount                        0x08008ef5   Thumb Code     6  tasks.o(i.xTaskGetTickCount)
    xTaskIncrementTick                       0x08008f01   Thumb Code   272  tasks.o(i.xTaskIncrementTick)
    xTaskPriorityDisinherit                  0x08009069   Thumb Code   168  tasks.o(i.xTaskPriorityDisinherit)
    xTaskRemoveFromEventList                 0x08009149   Thumb Code   118  tasks.o(i.xTaskRemoveFromEventList)
    xTaskResumeAll                           0x08009205   Thumb Code   214  tasks.o(i.xTaskResumeAll)
    xTimerCreateTimerTask                    0x0800932d   Thumb Code    56  timers.o(i.xTimerCreateTimerTask)
    xTimerGenericCommand                     0x080093a5   Thumb Code   118  timers.o(i.xTimerGenericCommand)
    __aeabi_dneg                             0x0800944d   Thumb Code     0  basic.o(x$fpl$basic)
    _dneg                                    0x0800944d   Thumb Code     6  basic.o(x$fpl$basic)
    __aeabi_fneg                             0x08009453   Thumb Code     0  basic.o(x$fpl$basic)
    _fneg                                    0x08009453   Thumb Code     6  basic.o(x$fpl$basic)
    _dabs                                    0x08009459   Thumb Code     6  basic.o(x$fpl$basic)
    _fabs                                    0x0800945f   Thumb Code     6  basic.o(x$fpl$basic)
    __aeabi_d2f                              0x08009465   Thumb Code     0  d2f.o(x$fpl$d2f)
    _d2f                                     0x08009465   Thumb Code    98  d2f.o(x$fpl$d2f)
    __aeabi_dadd                             0x080094c9   Thumb Code     0  daddsub_clz.o(x$fpl$dadd)
    _dadd                                    0x080094c9   Thumb Code   332  daddsub_clz.o(x$fpl$dadd)
    __fpl_dcmp_Inf                           0x08009619   Thumb Code    24  dcmpi.o(x$fpl$dcmpinf)
    __aeabi_ddiv                             0x08009631   Thumb Code     0  ddiv.o(x$fpl$ddiv)
    _ddiv                                    0x08009631   Thumb Code   552  ddiv.o(x$fpl$ddiv)
    __aeabi_cdcmpeq                          0x080098e1   Thumb Code     0  deqf.o(x$fpl$deqf)
    _dcmpeq                                  0x080098e1   Thumb Code   120  deqf.o(x$fpl$deqf)
    __aeabi_dmul                             0x08009959   Thumb Code     0  dmul.o(x$fpl$dmul)
    _dmul                                    0x08009959   Thumb Code   332  dmul.o(x$fpl$dmul)
    __fpl_dnaninf                            0x08009aad   Thumb Code   156  dnaninf.o(x$fpl$dnaninf)
    __fpl_dretinf                            0x08009b49   Thumb Code    12  dretinf.o(x$fpl$dretinf)
    __aeabi_drsub                            0x08009b55   Thumb Code     0  daddsub_clz.o(x$fpl$drsb)
    _drsb                                    0x08009b55   Thumb Code    22  daddsub_clz.o(x$fpl$drsb)
    _dsqrt                                   0x08009b6d   Thumb Code   404  dsqrt_umaal.o(x$fpl$dsqrt)
    __aeabi_dsub                             0x08009d05   Thumb Code     0  daddsub_clz.o(x$fpl$dsub)
    _dsub                                    0x08009d05   Thumb Code   464  daddsub_clz.o(x$fpl$dsub)
    __aeabi_f2d                              0x08009ed9   Thumb Code     0  f2d.o(x$fpl$f2d)
    _f2d                                     0x08009ed9   Thumb Code    86  f2d.o(x$fpl$f2d)
    __fpl_fnaninf                            0x08009f2f   Thumb Code   140  fnaninf.o(x$fpl$fnaninf)
    _fp_init                                 0x08009fbb   Thumb Code    10  fpinit.o(x$fpl$fpinit)
    __fplib_config_fpu_vfp                   0x08009fc3   Thumb Code     0  fpinit.o(x$fpl$fpinit)
    __fplib_config_pureend_doubles           0x08009fc3   Thumb Code     0  fpinit.o(x$fpl$fpinit)
    __fpl_fretinf                            0x08009fc5   Thumb Code    10  fretinf.o(x$fpl$fretinf)
    __I$use$fp                               0x08009fce   Number         0  usenofp.o(x$fpl$usenofp)
    reg                                      0x08009fd0   Data          27  inv_mpu.o(.constdata)
    hw                                       0x08009fec   Data          12  inv_mpu.o(.constdata)
    test                                     0x08009ff8   Data          40  inv_mpu.o(.constdata)
    __mathlib_zero                           0x0800ad10   Data           8  qnan.o(.constdata)
    Region$$Table$$Base                      0x0800ad68   Number         0  anon$$obj.o(Region$$Table)
    Region$$Table$$Limit                     0x0800ad88   Number         0  anon$$obj.o(Region$$Table)
    startTaskHandle                          0x20000000   Data           4  main.o(.data)
    SystemCoreClock                          0x20000004   Data           4  system_stm32f4xx.o(.data)
    AHBPrescTable                            0x20000008   Data          16  system_stm32f4xx.o(.data)
    value_max                                0x20000018   Data           4  fsm.o(.data)
    ROBOT                                    0x2000001c   Data           5  fsm.o(.data)
    kp_angle                                 0x20000024   Data           4  speed_analysis.o(.data)
    pid_angle                                0x20000028   Data           4  speed_analysis.o(.data)
    Next_song                                0x2000002c   Data           4  voice_broadcast.o(.data)
    Last_song                                0x20000030   Data           4  voice_broadcast.o(.data)
    DATA                                     0x20000034   Data           5  voice_broadcast.o(.data)
    voice_1                                  0x20000039   Data           6  voice_broadcast.o(.data)
    voice_2                                  0x2000003f   Data           6  voice_broadcast.o(.data)
    voice_3                                  0x20000045   Data           6  voice_broadcast.o(.data)
    voice_4                                  0x2000004b   Data           6  voice_broadcast.o(.data)
    voice_5                                  0x20000051   Data           6  voice_broadcast.o(.data)
    voice_6                                  0x20000057   Data           6  voice_broadcast.o(.data)
    voice_7                                  0x2000005d   Data           6  voice_broadcast.o(.data)
    voice_8                                  0x20000063   Data           6  voice_broadcast.o(.data)
    voice_9                                  0x20000069   Data           6  voice_broadcast.o(.data)
    voice_10                                 0x2000006f   Data           6  voice_broadcast.o(.data)
    voice_11                                 0x20000075   Data           6  voice_broadcast.o(.data)
    open                                     0x2000007b   Data           4  voice_broadcast.o(.data)
    stop                                     0x2000007f   Data           4  voice_broadcast.o(.data)
    SeeInfo                                  0x20000083   Data           1  bsp_usart.o(.data)
    am                                       0x20000084   Data           1  bsp_usart.o(.data)
    msHcCount                                0x20000086   Data           2  bsp_hc_sr04.o(.data)
    msHcCount2                               0x20000088   Data           2  bsp_hc_sr04.o(.data)
    i                                        0x2000008c   Data           4  bsp_uart.o(.data)
    Buffer                                   0x20000090   Data           8  bsp_uart.o(.data)
    QRcode                                   0x20000098   Data           4  bsp_uart.o(.data)
    pxCurrentTCB                             0x200000d4   Data           4  tasks.o(.data)
    __stdout                                 0x20000150   Data           4  usart.o(.data)
    USART_RX_STA                             0x20000154   Data           2  usart.o(.data)
    motor_PID                                0x20000168   Data         144  pid.o(.bss)
    Wheel_target                             0x200001f8   Data          16  speed_analysis.o(.bss)
    Robot_target                             0x20000208   Data          12  speed_analysis.o(.bss)
    Encoder_realvalue                        0x20000214   Data          16  speed_analysis.o(.bss)
    xQueueRegistry                           0x20000234   Data          64  queue.o(.bss)
    __libspace_start                         0x20005580   Data          96  libspace.o(.bss)
    __temporary_stack_top$libspace           0x200055e0   Data           0  libspace.o(.bss)



==============================================================================

Memory Map of the image

  Image Entry point : 0x08000189

  Load Region LR_IROM1 (Base: 0x08000000, Size: 0x0000aef0, Max: 0x00100000, ABSOLUTE, COMPRESSED[0x0000ae08])

    Execution Region ER_IROM1 (Exec base: 0x08000000, Load base: 0x08000000, Size: 0x0000ad88, Max: 0x00100000, ABSOLUTE)

    Exec Addr    Load Addr    Size         Type   Attr      Idx    E Section Name        Object

    0x08000000   0x08000000   0x00000188   Data   RO         2926    RESET               startup_stm32f40_41xxx.o
    0x08000188   0x08000188   0x00000008   Code   RO         5388  * !!!main             c_w.l(__main.o)
    0x08000190   0x08000190   0x00000034   Code   RO         5707    !!!scatter          c_w.l(__scatter.o)
    0x080001c4   0x080001c4   0x0000005a   Code   RO         5705    !!dczerorl2         c_w.l(__dczerorl2.o)
    0x0800021e   0x0800021e   0x00000002   PAD
    0x08000220   0x08000220   0x0000001c   Code   RO         5709    !!handler_zi        c_w.l(__scatter_zi.o)
    0x0800023c   0x0800023c   0x00000000   Code   RO         5375    .ARM.Collect$$_printf_percent$$00000000  c_w.l(_printf_percent.o)
    0x0800023c   0x0800023c   0x00000006   Code   RO         5373    .ARM.Collect$$_printf_percent$$00000009  c_w.l(_printf_d.o)
    0x08000242   0x08000242   0x00000006   Code   RO         5371    .ARM.Collect$$_printf_percent$$00000014  c_w.l(_printf_s.o)
    0x08000248   0x08000248   0x00000004   Code   RO         5467    .ARM.Collect$$_printf_percent$$00000017  c_w.l(_printf_percent_end.o)
    0x0800024c   0x0800024c   0x00000002   Code   RO         5576    .ARM.Collect$$libinit$$00000000  c_w.l(libinit.o)
    0x0800024e   0x0800024e   0x00000004   Code   RO         5583    .ARM.Collect$$libinit$$00000001  c_w.l(libinit2.o)
    0x08000252   0x08000252   0x00000000   Code   RO         5586    .ARM.Collect$$libinit$$00000004  c_w.l(libinit2.o)
    0x08000252   0x08000252   0x00000000   Code   RO         5589    .ARM.Collect$$libinit$$0000000A  c_w.l(libinit2.o)
    0x08000252   0x08000252   0x00000000   Code   RO         5591    .ARM.Collect$$libinit$$0000000C  c_w.l(libinit2.o)
    0x08000252   0x08000252   0x00000000   Code   RO         5593    .ARM.Collect$$libinit$$0000000E  c_w.l(libinit2.o)
    0x08000252   0x08000252   0x00000000   Code   RO         5596    .ARM.Collect$$libinit$$00000011  c_w.l(libinit2.o)
    0x08000252   0x08000252   0x00000000   Code   RO         5598    .ARM.Collect$$libinit$$00000013  c_w.l(libinit2.o)
    0x08000252   0x08000252   0x00000000   Code   RO         5600    .ARM.Collect$$libinit$$00000015  c_w.l(libinit2.o)
    0x08000252   0x08000252   0x00000000   Code   RO         5602    .ARM.Collect$$libinit$$00000017  c_w.l(libinit2.o)
    0x08000252   0x08000252   0x00000000   Code   RO         5604    .ARM.Collect$$libinit$$00000019  c_w.l(libinit2.o)
    0x08000252   0x08000252   0x00000000   Code   RO         5606    .ARM.Collect$$libinit$$0000001B  c_w.l(libinit2.o)
    0x08000252   0x08000252   0x00000000   Code   RO         5608    .ARM.Collect$$libinit$$0000001D  c_w.l(libinit2.o)
    0x08000252   0x08000252   0x00000000   Code   RO         5610    .ARM.Collect$$libinit$$0000001F  c_w.l(libinit2.o)
    0x08000252   0x08000252   0x00000000   Code   RO         5612    .ARM.Collect$$libinit$$00000021  c_w.l(libinit2.o)
    0x08000252   0x08000252   0x00000000   Code   RO         5614    .ARM.Collect$$libinit$$00000023  c_w.l(libinit2.o)
    0x08000252   0x08000252   0x00000000   Code   RO         5616    .ARM.Collect$$libinit$$00000025  c_w.l(libinit2.o)
    0x08000252   0x08000252   0x00000000   Code   RO         5620    .ARM.Collect$$libinit$$0000002C  c_w.l(libinit2.o)
    0x08000252   0x08000252   0x00000000   Code   RO         5622    .ARM.Collect$$libinit$$0000002E  c_w.l(libinit2.o)
    0x08000252   0x08000252   0x00000000   Code   RO         5624    .ARM.Collect$$libinit$$00000030  c_w.l(libinit2.o)
    0x08000252   0x08000252   0x00000000   Code   RO         5626    .ARM.Collect$$libinit$$00000032  c_w.l(libinit2.o)
    0x08000252   0x08000252   0x00000002   Code   RO         5627    .ARM.Collect$$libinit$$00000033  c_w.l(libinit2.o)
    0x08000254   0x08000254   0x00000002   Code   RO         5655    .ARM.Collect$$libshutdown$$00000000  c_w.l(libshutdown.o)
    0x08000256   0x08000256   0x00000000   Code   RO         5669    .ARM.Collect$$libshutdown$$00000002  c_w.l(libshutdown2.o)
    0x08000256   0x08000256   0x00000000   Code   RO         5671    .ARM.Collect$$libshutdown$$00000004  c_w.l(libshutdown2.o)
    0x08000256   0x08000256   0x00000000   Code   RO         5673    .ARM.Collect$$libshutdown$$00000006  c_w.l(libshutdown2.o)
    0x08000256   0x08000256   0x00000000   Code   RO         5676    .ARM.Collect$$libshutdown$$00000009  c_w.l(libshutdown2.o)
    0x08000256   0x08000256   0x00000000   Code   RO         5679    .ARM.Collect$$libshutdown$$0000000C  c_w.l(libshutdown2.o)
    0x08000256   0x08000256   0x00000000   Code   RO         5681    .ARM.Collect$$libshutdown$$0000000E  c_w.l(libshutdown2.o)
    0x08000256   0x08000256   0x00000000   Code   RO         5684    .ARM.Collect$$libshutdown$$00000011  c_w.l(libshutdown2.o)
    0x08000256   0x08000256   0x00000002   Code   RO         5685    .ARM.Collect$$libshutdown$$00000012  c_w.l(libshutdown2.o)
    0x08000258   0x08000258   0x00000000   Code   RO         5452    .ARM.Collect$$rtentry$$00000000  c_w.l(__rtentry.o)
    0x08000258   0x08000258   0x00000000   Code   RO         5529    .ARM.Collect$$rtentry$$00000002  c_w.l(__rtentry2.o)
    0x08000258   0x08000258   0x00000006   Code   RO         5541    .ARM.Collect$$rtentry$$00000004  c_w.l(__rtentry4.o)
    0x0800025e   0x0800025e   0x00000000   Code   RO         5531    .ARM.Collect$$rtentry$$00000009  c_w.l(__rtentry2.o)
    0x0800025e   0x0800025e   0x00000004   Code   RO         5532    .ARM.Collect$$rtentry$$0000000A  c_w.l(__rtentry2.o)
    0x08000262   0x08000262   0x00000000   Code   RO         5534    .ARM.Collect$$rtentry$$0000000C  c_w.l(__rtentry2.o)
    0x08000262   0x08000262   0x00000008   Code   RO         5535    .ARM.Collect$$rtentry$$0000000D  c_w.l(__rtentry2.o)
    0x0800026a   0x0800026a   0x00000002   Code   RO         5577    .ARM.Collect$$rtexit$$00000000  c_w.l(rtexit.o)
    0x0800026c   0x0800026c   0x00000000   Code   RO         5629    .ARM.Collect$$rtexit$$00000002  c_w.l(rtexit2.o)
    0x0800026c   0x0800026c   0x00000004   Code   RO         5630    .ARM.Collect$$rtexit$$00000003  c_w.l(rtexit2.o)
    0x08000270   0x08000270   0x00000006   Code   RO         5631    .ARM.Collect$$rtexit$$00000004  c_w.l(rtexit2.o)
    0x08000276   0x08000276   0x00000002   PAD
    0x08000278   0x08000278   0x000000b6   Code   RO         2838    .emb_text           port.o
    0x0800032e   0x0800032e   0x00000002   PAD
    0x08000330   0x08000330   0x00000040   Code   RO         2927    .text               startup_stm32f40_41xxx.o
    0x08000370   0x08000370   0x00000002   Code   RO         5309    .text               c_w.l(use_no_semi_2.o)
    0x08000372   0x08000372   0x00000048   Code   RO         5311    .text               c_w.l(llsdiv.o)
    0x080003ba   0x080003ba   0x00000002   PAD
    0x080003bc   0x080003bc   0x00000018   Code   RO         5317    .text               c_w.l(noretval__2printf.o)
    0x080003d4   0x080003d4   0x00000052   Code   RO         5325    .text               c_w.l(_printf_str.o)
    0x08000426   0x08000426   0x00000002   PAD
    0x08000428   0x08000428   0x00000078   Code   RO         5327    .text               c_w.l(_printf_dec.o)
    0x080004a0   0x080004a0   0x00000138   Code   RO         5362    .text               c_w.l(__printf_flags_wp.o)
    0x080005d8   0x080005d8   0x00000058   Code   RO         5376    .text               c_w.l(memcmp.o)
    0x08000630   0x08000630   0x0000008a   Code   RO         5382    .text               c_w.l(rt_memcpy_v6.o)
    0x080006ba   0x080006ba   0x00000010   Code   RO         5384    .text               c_w.l(aeabi_memset.o)
    0x080006ca   0x080006ca   0x00000006   Code   RO         5386    .text               c_w.l(heapauxi.o)
    0x080006d0   0x080006d0   0x00000002   Code   RO         5450    .text               c_w.l(use_no_semi.o)
    0x080006d2   0x080006d2   0x000000ee   Code   RO         5453    .text               c_w.l(lludivv7m.o)
    0x080007c0   0x080007c0   0x00000016   Code   RO         5455    .text               c_w.l(_rserrno.o)
    0x080007d6   0x080007d6   0x000000b2   Code   RO         5457    .text               c_w.l(_printf_intcommon.o)
    0x08000888   0x08000888   0x00000030   Code   RO         5459    .text               c_w.l(_printf_char_common.o)
    0x080008b8   0x080008b8   0x0000002c   Code   RO         5463    .text               c_w.l(_printf_char.o)
    0x080008e4   0x080008e4   0x00000024   Code   RO         5465    .text               c_w.l(_printf_char_file.o)
    0x08000908   0x08000908   0x00000064   Code   RO         5468    .text               c_w.l(rt_memcpy_w.o)
    0x0800096c   0x0800096c   0x00000044   Code   RO         5470    .text               c_w.l(rt_memclr.o)
    0x080009b0   0x080009b0   0x00000008   Code   RO         5550    .text               c_w.l(rt_errno_addr_intlibspace.o)
    0x080009b8   0x080009b8   0x00000008   Code   RO         5554    .text               c_w.l(ferror.o)
    0x080009c0   0x080009c0   0x0000004e   Code   RO         5558    .text               c_w.l(rt_memclr_w.o)
    0x08000a0e   0x08000a0e   0x00000002   PAD
    0x08000a10   0x08000a10   0x00000008   Code   RO         5562    .text               c_w.l(libspace.o)
    0x08000a18   0x08000a18   0x0000004a   Code   RO         5565    .text               c_w.l(sys_stackheap_outer.o)
    0x08000a62   0x08000a62   0x00000012   Code   RO         5569    .text               c_w.l(exit.o)
    0x08000a74   0x08000a74   0x0000004a   Code   RO            4    i.All_Init          main.o
    0x08000abe   0x08000abe   0x0000000c   Code   RO          729    i.Bsp_HC_SR04_Init  bsp_hc_sr04.o
    0x08000aca   0x08000aca   0x00000012   Code   RO         1653    i.Bsp_MPU6050_Init  mpu6050.o
    0x08000adc   0x08000adc   0x0000002c   Code   RO          582    i.Bsp_Motor_Init    bsp_motor.o
    0x08000b08   0x08000b08   0x00000038   Code   RO          836    i.Bsp_STERRING_Init  bsp_steering.o
    0x08000b40   0x08000b40   0x000000b8   Code   RO         1083    i.Bsp_UART4_Init    bsp_uart.o
    0x08000bf8   0x08000bf8   0x000000b4   Code   RO          685    i.Bsp_USART6_Init   bsp_usart.o
    0x08000cac   0x08000cac   0x000000b0   Code   RO          395    i.Chassis_control   fsm.o
    0x08000d5c   0x08000d5c   0x00000084   Code   RO          460    i.Encoder_Get_CNT   speed_analysis.o
    0x08000de0   0x08000de0   0x00000090   Code   RO         3410    i.GPIO_Init         stm32f4xx_gpio.o
    0x08000e70   0x08000e70   0x00000046   Code   RO         3411    i.GPIO_PinAFConfig  stm32f4xx_gpio.o
    0x08000eb6   0x08000eb6   0x00000012   Code   RO         3414    i.GPIO_ReadInputDataBit  stm32f4xx_gpio.o
    0x08000ec8   0x08000ec8   0x00000004   Code   RO         3417    i.GPIO_ResetBits    stm32f4xx_gpio.o
    0x08000ecc   0x08000ecc   0x00000030   Code   RO          397    i.Get_mpu6050_data  fsm.o
    0x08000efc   0x08000efc   0x000000ac   Code   RO          736    i.Hcsr04Init        bsp_hc_sr04.o
    0x08000fa8   0x08000fa8   0x000000ac   Code   RO          737    i.Hcsr04Init2       bsp_hc_sr04.o
    0x08001054   0x08001054   0x00000050   Code   RO         1749    i.IIC_Ack           myiic.o
    0x080010a4   0x080010a4   0x0000004c   Code   RO         1750    i.IIC_Init          myiic.o
    0x080010f0   0x080010f0   0x00000050   Code   RO         1751    i.IIC_NAck          myiic.o
    0x08001140   0x08001140   0x0000006c   Code   RO         1752    i.IIC_Read_Byte     myiic.o
    0x080011ac   0x080011ac   0x00000068   Code   RO         1753    i.IIC_Send_Byte     myiic.o
    0x08001214   0x08001214   0x0000004c   Code   RO         1754    i.IIC_Start         myiic.o
    0x08001260   0x08001260   0x0000004c   Code   RO         1755    i.IIC_Stop          myiic.o
    0x080012ac   0x080012ac   0x00000060   Code   RO         1756    i.IIC_Wait_Ack      myiic.o
    0x0800130c   0x0800130c   0x00000048   Code   RO          896    i.KEY_Init          bsp_microswitch.o
    0x08001354   0x08001354   0x00000098   Code   RO          398    i.Key_Check         fsm.o
    0x080013ec   0x080013ec   0x0000007a   Code   RO         1657    i.MPU_Init          mpu6050.o
    0x08001466   0x08001466   0x0000003a   Code   RO         1658    i.MPU_Read_Byte     mpu6050.o
    0x080014a0   0x080014a0   0x00000074   Code   RO         1659    i.MPU_Read_Len      mpu6050.o
    0x08001514   0x08001514   0x00000010   Code   RO         1660    i.MPU_Set_Accel_Fsr  mpu6050.o
    0x08001524   0x08001524   0x00000010   Code   RO         1661    i.MPU_Set_Gyro_Fsr  mpu6050.o
    0x08001534   0x08001534   0x0000003a   Code   RO         1662    i.MPU_Set_LPF       mpu6050.o
    0x0800156e   0x0800156e   0x0000003a   Code   RO         1663    i.MPU_Set_Rate      mpu6050.o
    0x080015a8   0x080015a8   0x00000044   Code   RO         1664    i.MPU_Write_Byte    mpu6050.o
    0x080015ec   0x080015ec   0x00000060   Code   RO         1665    i.MPU_Write_Len     mpu6050.o
    0x0800164c   0x0800164c   0x00000080   Code   RO          340    i.Motor_PID_Init    pid.o
    0x080016cc   0x080016cc   0x00000078   Code   RO         3080    i.NVIC_Init         misc.o
    0x08001744   0x08001744   0x00000014   Code   RO         3081    i.NVIC_PriorityGroupConfig  misc.o
    0x08001758   0x08001758   0x00000178   Code   RO          341    i.PID_Incremental_PID_Calculation  pid.o
    0x080018d0   0x080018d0   0x00000040   Code   RO          342    i.PID_Init          pid.o
    0x08001910   0x08001910   0x00000020   Code   RO         3625    i.RCC_AHB1PeriphClockCmd  stm32f4xx_rcc.o
    0x08001930   0x08001930   0x00000020   Code   RO         3634    i.RCC_APB1PeriphClockCmd  stm32f4xx_rcc.o
    0x08001950   0x08001950   0x00000020   Code   RO         3636    i.RCC_APB1PeriphResetCmd  stm32f4xx_rcc.o
    0x08001970   0x08001970   0x00000020   Code   RO         3637    i.RCC_APB2PeriphClockCmd  stm32f4xx_rcc.o
    0x08001990   0x08001990   0x00000020   Code   RO         3639    i.RCC_APB2PeriphResetCmd  stm32f4xx_rcc.o
    0x080019b0   0x080019b0   0x000000e8   Code   RO         3646    i.RCC_GetClocksFreq  stm32f4xx_rcc.o
    0x08001a98   0x08001a98   0x000005e8   Code   RO          399    i.Robot_FSM         fsm.o
    0x08002080   0x08002080   0x00000030   Code   RO          552    i.Send_data         voice_broadcast.o
    0x080020b0   0x080020b0   0x000000ec   Code   RO          276    i.SetSysClock       system_stm32f4xx.o
    0x0800219c   0x0800219c   0x0000027c   Code   RO          461    i.Set_PWM           speed_analysis.o
    0x08002418   0x08002418   0x000005a0   Code   RO          462    i.Speed_analysis    speed_analysis.o
    0x080029b8   0x080029b8   0x000000c8   Code   RO          463    i.Speed_programme   speed_analysis.o
    0x08002a80   0x08002a80   0x00000028   Code   RO         3084    i.SysTick_CLKSourceConfig  misc.o
    0x08002aa8   0x08002aa8   0x00000020   Code   RO         2934    i.SysTick_Handler   delay.o
    0x08002ac8   0x08002ac8   0x00000068   Code   RO          278    i.SystemInit        system_stm32f4xx.o
    0x08002b30   0x08002b30   0x000000a4   Code   RO          583    i.TB6612_Init       bsp_motor.o
    0x08002bd4   0x08002bd4   0x0000003a   Code   RO         4552    i.TI1_Config        stm32f4xx_tim.o
    0x08002c0e   0x08002c0e   0x00000050   Code   RO         4553    i.TI2_Config        stm32f4xx_tim.o
    0x08002c5e   0x08002c5e   0x00000048   Code   RO         4554    i.TI3_Config        stm32f4xx_tim.o
    0x08002ca6   0x08002ca6   0x00000050   Code   RO         4555    i.TI4_Config        stm32f4xx_tim.o
    0x08002cf6   0x08002cf6   0x00000002   PAD
    0x08002cf8   0x08002cf8   0x000000bc   Code   RO          585    i.TIM12_PWM_Init    bsp_motor.o
    0x08002db4   0x08002db4   0x000000a0   Code   RO          837    i.TIM13_PWM_Init    bsp_steering.o
    0x08002e54   0x08002e54   0x000000a0   Code   RO          838    i.TIM14_PWM_Init    bsp_steering.o
    0x08002ef4   0x08002ef4   0x000000e4   Code   RO          586    i.TIM1_ENCODER_Init  bsp_motor.o
    0x08002fd8   0x08002fd8   0x000000b8   Code   RO          588    i.TIM2_ENCODER_Init  bsp_motor.o
    0x08003090   0x08003090   0x00000018   Code   RO          589    i.TIM2_IRQHandler   bsp_motor.o
    0x080030a8   0x080030a8   0x000000b4   Code   RO          590    i.TIM3_ENCODER_Init  bsp_motor.o
    0x0800315c   0x0800315c   0x00000018   Code   RO          591    i.TIM3_IRQHandler   bsp_motor.o
    0x08003174   0x08003174   0x000000b4   Code   RO          592    i.TIM4_ENCODER_Init  bsp_motor.o
    0x08003228   0x08003228   0x00000018   Code   RO          593    i.TIM4_IRQHandler   bsp_motor.o
    0x08003240   0x08003240   0x00000028   Code   RO          740    i.TIM5_IRQHandler   bsp_hc_sr04.o
    0x08003268   0x08003268   0x00000028   Code   RO          741    i.TIM7_IRQHandler   bsp_hc_sr04.o
    0x08003290   0x08003290   0x000000bc   Code   RO          595    i.TIM9_PWM_Init     bsp_motor.o
    0x0800334c   0x0800334c   0x00000018   Code   RO         4556    i.TIM_ARRPreloadConfig  stm32f4xx_tim.o
    0x08003364   0x08003364   0x00000006   Code   RO         4562    i.TIM_ClearFlag     stm32f4xx_tim.o
    0x0800336a   0x0800336a   0x00000006   Code   RO         4563    i.TIM_ClearITPendingBit  stm32f4xx_tim.o
    0x08003370   0x08003370   0x00000018   Code   RO         4568    i.TIM_Cmd           stm32f4xx_tim.o
    0x08003388   0x08003388   0x00000190   Code   RO         4573    i.TIM_DeInit        stm32f4xx_tim.o
    0x08003518   0x08003518   0x00000042   Code   RO         4577    i.TIM_EncoderInterfaceConfig  stm32f4xx_tim.o
    0x0800355a   0x0800355a   0x00000022   Code   RO         4589    i.TIM_GetITStatus   stm32f4xx_tim.o
    0x0800357c   0x0800357c   0x0000006e   Code   RO         4591    i.TIM_ICInit        stm32f4xx_tim.o
    0x080035ea   0x080035ea   0x00000012   Code   RO         4592    i.TIM_ICStructInit  stm32f4xx_tim.o
    0x080035fc   0x080035fc   0x00000012   Code   RO         4593    i.TIM_ITConfig      stm32f4xx_tim.o
    0x0800360e   0x0800360e   0x00000002   PAD
    0x08003610   0x08003610   0x0000007c   Code   RO         4597    i.TIM_OC1Init       stm32f4xx_tim.o
    0x0800368c   0x0800368c   0x00000012   Code   RO         4600    i.TIM_OC1PreloadConfig  stm32f4xx_tim.o
    0x0800369e   0x0800369e   0x00000002   PAD
    0x080036a0   0x080036a0   0x000000a4   Code   RO         4602    i.TIM_OC2Init       stm32f4xx_tim.o
    0x08003744   0x08003744   0x0000001a   Code   RO         4605    i.TIM_OC2PreloadConfig  stm32f4xx_tim.o
    0x0800375e   0x0800375e   0x00000004   Code   RO         4630    i.TIM_SetCompare1   stm32f4xx_tim.o
    0x08003762   0x08003762   0x00000004   Code   RO         4631    i.TIM_SetCompare2   stm32f4xx_tim.o
    0x08003766   0x08003766   0x00000004   Code   RO         4634    i.TIM_SetCounter    stm32f4xx_tim.o
    0x0800376a   0x0800376a   0x00000012   Code   RO         4635    i.TIM_SetIC1Prescaler  stm32f4xx_tim.o
    0x0800377c   0x0800377c   0x0000001a   Code   RO         4636    i.TIM_SetIC2Prescaler  stm32f4xx_tim.o
    0x08003796   0x08003796   0x00000012   Code   RO         4637    i.TIM_SetIC3Prescaler  stm32f4xx_tim.o
    0x080037a8   0x080037a8   0x0000001a   Code   RO         4638    i.TIM_SetIC4Prescaler  stm32f4xx_tim.o
    0x080037c2   0x080037c2   0x00000002   PAD
    0x080037c4   0x080037c4   0x00000084   Code   RO         4640    i.TIM_TimeBaseInit  stm32f4xx_tim.o
    0x08003848   0x08003848   0x00000068   Code   RO         1085    i.UART4_IRQHandler  bsp_uart.o
    0x080038b0   0x080038b0   0x00000030   Code   RO         1086    i.UART5_IRQHandler  bsp_uart.o
    0x080038e0   0x080038e0   0x0000003c   Code   RO          686    i.USART2_IRQHandler  bsp_usart.o
    0x0800391c   0x0800391c   0x0000003c   Code   RO          687    i.USART6_IRQHandler  bsp_usart.o
    0x08003958   0x08003958   0x00000012   Code   RO         5118    i.USART_ClearFlag   stm32f4xx_usart.o
    0x0800396a   0x0800396a   0x0000001e   Code   RO         5119    i.USART_ClearITPendingBit  stm32f4xx_usart.o
    0x08003988   0x08003988   0x00000018   Code   RO         5122    i.USART_Cmd         stm32f4xx_usart.o
    0x080039a0   0x080039a0   0x0000001a   Code   RO         5125    i.USART_GetFlagStatus  stm32f4xx_usart.o
    0x080039ba   0x080039ba   0x00000054   Code   RO         5126    i.USART_GetITStatus  stm32f4xx_usart.o
    0x08003a0e   0x08003a0e   0x0000004a   Code   RO         5128    i.USART_ITConfig    stm32f4xx_usart.o
    0x08003a58   0x08003a58   0x000000d4   Code   RO         5129    i.USART_Init        stm32f4xx_usart.o
    0x08003b2c   0x08003b2c   0x0000000a   Code   RO         5136    i.USART_ReceiveData  stm32f4xx_usart.o
    0x08003b36   0x08003b36   0x00000008   Code   RO         5139    i.USART_SendData    stm32f4xx_usart.o
    0x08003b3e   0x08003b3e   0x00000030   Code   RO         5523    i.__ARM_fpclassify  m_wm.l(fpclassify.o)
    0x08003b6e   0x08003b6e   0x00000002   PAD
    0x08003b70   0x08003b70   0x00000360   Code   RO         5412    i.__hardfp_asin     m_wm.l(asin.o)
    0x08003ed0   0x08003ed0   0x000002d8   Code   RO         5489    i.__hardfp_atan     m_wm.l(atan.o)
    0x080041a8   0x080041a8   0x00000200   Code   RO         5426    i.__hardfp_atan2    m_wm.l(atan2.o)
    0x080043a8   0x080043a8   0x0000007a   Code   RO         5438    i.__hardfp_sqrt     m_wm.l(sqrt.o)
    0x08004422   0x08004422   0x000000f8   Code   RO         5525    i.__kernel_poly     m_wm.l(poly.o)
    0x0800451a   0x0800451a   0x00000014   Code   RO         5504    i.__mathlib_dbl_infnan  m_wm.l(dunder.o)
    0x0800452e   0x0800452e   0x00000014   Code   RO         5505    i.__mathlib_dbl_infnan2  m_wm.l(dunder.o)
    0x08004542   0x08004542   0x00000006   PAD
    0x08004548   0x08004548   0x00000020   Code   RO         5506    i.__mathlib_dbl_invalid  m_wm.l(dunder.o)
    0x08004568   0x08004568   0x00000020   Code   RO         5509    i.__mathlib_dbl_underflow  m_wm.l(dunder.o)
    0x08004588   0x08004588   0x0000000e   Code   RO         5360    i._is_digit         c_w.l(__printf_wp.o)
    0x08004596   0x08004596   0x00000004   Code   RO         3024    i._sys_exit         usart.o
    0x0800459a   0x0800459a   0x00000002   PAD
    0x0800459c   0x0800459c   0x000000c0   Code   RO         1128    i.accel_self_test   inv_mpu.o
    0x0800465c   0x0800465c   0x00000010   Code   RO         5491    i.atan              m_wm.l(atan.o)
    0x0800466c   0x0800466c   0x00000018   Code   RO          839    i.close1            bsp_steering.o
    0x08004684   0x08004684   0x00000018   Code   RO          840    i.close2            bsp_steering.o
    0x0800469c   0x0800469c   0x00000064   Code   RO         1465    i.decode_gesture    inv_mpu_dmp_motion_driver.o
    0x08004700   0x08004700   0x00000044   Code   RO         2935    i.delay_init        delay.o
    0x08004744   0x08004744   0x00000040   Code   RO         2936    i.delay_ms          delay.o
    0x08004784   0x08004784   0x00000048   Code   RO         2937    i.delay_us          delay.o
    0x080047cc   0x080047cc   0x0000003c   Code   RO         1466    i.dmp_enable_6x_lp_quat  inv_mpu_dmp_motion_driver.o
    0x08004808   0x08004808   0x0000021c   Code   RO         1467    i.dmp_enable_feature  inv_mpu_dmp_motion_driver.o
    0x08004a24   0x08004a24   0x00000058   Code   RO         1468    i.dmp_enable_gyro_cal  inv_mpu_dmp_motion_driver.o
    0x08004a7c   0x08004a7c   0x0000003c   Code   RO         1469    i.dmp_enable_lp_quat  inv_mpu_dmp_motion_driver.o
    0x08004ab8   0x08004ab8   0x00000018   Code   RO         1474    i.dmp_load_motion_driver_firmware  inv_mpu_dmp_motion_driver.o
    0x08004ad0   0x08004ad0   0x000001cc   Code   RO         1475    i.dmp_read_fifo     inv_mpu_dmp_motion_driver.o
    0x08004c9c   0x08004c9c   0x00000130   Code   RO         1478    i.dmp_set_accel_bias  inv_mpu_dmp_motion_driver.o
    0x08004dcc   0x08004dcc   0x00000070   Code   RO         1479    i.dmp_set_fifo_rate  inv_mpu_dmp_motion_driver.o
    0x08004e3c   0x08004e3c   0x00000130   Code   RO         1480    i.dmp_set_gyro_bias  inv_mpu_dmp_motion_driver.o
    0x08004f6c   0x08004f6c   0x00000138   Code   RO         1482    i.dmp_set_orientation  inv_mpu_dmp_motion_driver.o
    0x080050a4   0x080050a4   0x00000038   Code   RO         1485    i.dmp_set_shake_reject_thresh  inv_mpu_dmp_motion_driver.o
    0x080050dc   0x080050dc   0x00000026   Code   RO         1486    i.dmp_set_shake_reject_time  inv_mpu_dmp_motion_driver.o
    0x08005102   0x08005102   0x00000026   Code   RO         1487    i.dmp_set_shake_reject_timeout  inv_mpu_dmp_motion_driver.o
    0x08005128   0x08005128   0x00000046   Code   RO         1488    i.dmp_set_tap_axes  inv_mpu_dmp_motion_driver.o
    0x0800516e   0x0800516e   0x00000026   Code   RO         1489    i.dmp_set_tap_count  inv_mpu_dmp_motion_driver.o
    0x08005194   0x08005194   0x000001c0   Code   RO         1490    i.dmp_set_tap_thresh  inv_mpu_dmp_motion_driver.o
    0x08005354   0x08005354   0x00000026   Code   RO         1491    i.dmp_set_tap_time  inv_mpu_dmp_motion_driver.o
    0x0800537a   0x0800537a   0x00000026   Code   RO         1492    i.dmp_set_tap_time_multi  inv_mpu_dmp_motion_driver.o
    0x080053a0   0x080053a0   0x00000018   Code   RO         5519    i.fabs              m_wm.l(fabs.o)
    0x080053b8   0x080053b8   0x0000001c   Code   RO         3025    i.fputc             usart.o
    0x080053d4   0x080053d4   0x000000d0   Code   RO         1129    i.get_accel_prod_shift  inv_mpu.o
    0x080054a4   0x080054a4   0x0000046c   Code   RO         1130    i.get_st_biases     inv_mpu.o
    0x08005910   0x08005910   0x0000011c   Code   RO         1131    i.gyro_self_test    inv_mpu.o
    0x08005a2c   0x08005a2c   0x00000028   Code   RO          742    i.hcsr04_NVIC       bsp_hc_sr04.o
    0x08005a54   0x08005a54   0x00000028   Code   RO          743    i.hcsr04_NVIC2      bsp_hc_sr04.o
    0x08005a7c   0x08005a7c   0x00000028   Code   RO         1132    i.inv_orientation_matrix_to_scalar  inv_mpu.o
    0x08005aa4   0x08005aa4   0x0000004e   Code   RO         1133    i.inv_row_2_scale   inv_mpu.o
    0x08005af2   0x08005af2   0x00000002   PAD
    0x08005af4   0x08005af4   0x0000004c   Code   RO            5    i.main              main.o
    0x08005b40   0x08005b40   0x00000002   Code   RO         1134    i.mget_ms           inv_mpu.o
    0x08005b42   0x08005b42   0x00000002   PAD
    0x08005b44   0x08005b44   0x00000070   Code   RO         1135    i.mpu_configure_fifo  inv_mpu.o
    0x08005bb4   0x08005bb4   0x00000218   Code   RO         1136    i.mpu_dmp_get_data  inv_mpu.o
    0x08005dcc   0x08005dcc   0x0000009c   Code   RO         1137    i.mpu_dmp_init      inv_mpu.o
    0x08005e68   0x08005e68   0x0000004c   Code   RO         1138    i.mpu_get_accel_fsr  inv_mpu.o
    0x08005eb4   0x08005eb4   0x00000054   Code   RO         1140    i.mpu_get_accel_sens  inv_mpu.o
    0x08005f08   0x08005f08   0x00000010   Code   RO         1145    i.mpu_get_fifo_config  inv_mpu.o
    0x08005f18   0x08005f18   0x00000044   Code   RO         1146    i.mpu_get_gyro_fsr  inv_mpu.o
    0x08005f5c   0x08005f5c   0x00000060   Code   RO         1148    i.mpu_get_gyro_sens  inv_mpu.o
    0x08005fbc   0x08005fbc   0x00000050   Code   RO         1150    i.mpu_get_lpf       inv_mpu.o
    0x0800600c   0x0800600c   0x00000020   Code   RO         1152    i.mpu_get_sample_rate  inv_mpu.o
    0x0800602c   0x0800602c   0x000001f0   Code   RO         1154    i.mpu_init          inv_mpu.o
    0x0800621c   0x0800621c   0x00000040   Code   RO          400    i.mpu_limit         fsm.o
    0x0800625c   0x0800625c   0x000000b8   Code   RO         1155    i.mpu_load_firmware  inv_mpu.o
    0x08006314   0x08006314   0x000000e0   Code   RO         1156    i.mpu_lp_accel_mode  inv_mpu.o
    0x080063f4   0x080063f4   0x000000c0   Code   RO         1159    i.mpu_read_fifo_stream  inv_mpu.o
    0x080064b4   0x080064b4   0x00000080   Code   RO         1160    i.mpu_read_mem      inv_mpu.o
    0x08006534   0x08006534   0x000001c8   Code   RO         1163    i.mpu_reset_fifo    inv_mpu.o
    0x080066fc   0x080066fc   0x0000011c   Code   RO         1164    i.mpu_run_self_test  inv_mpu.o
    0x08006818   0x08006818   0x00000084   Code   RO         1166    i.mpu_set_accel_fsr  inv_mpu.o
    0x0800689c   0x0800689c   0x0000014c   Code   RO         1167    i.mpu_set_bypass    inv_mpu.o
    0x080069e8   0x080069e8   0x00000090   Code   RO         1169    i.mpu_set_dmp_state  inv_mpu.o
    0x08006a78   0x08006a78   0x00000088   Code   RO         1170    i.mpu_set_gyro_fsr  inv_mpu.o
    0x08006b00   0x08006b00   0x0000006c   Code   RO         1171    i.mpu_set_int_latched  inv_mpu.o
    0x08006b6c   0x08006b6c   0x00000084   Code   RO         1173    i.mpu_set_lpf       inv_mpu.o
    0x08006bf0   0x08006bf0   0x0000009c   Code   RO         1174    i.mpu_set_sample_rate  inv_mpu.o
    0x08006c8c   0x08006c8c   0x000000d0   Code   RO         1175    i.mpu_set_sensors   inv_mpu.o
    0x08006d5c   0x08006d5c   0x00000080   Code   RO         1176    i.mpu_write_mem     inv_mpu.o
    0x08006ddc   0x08006ddc   0x00000018   Code   RO          841    i.open1             bsp_steering.o
    0x08006df4   0x08006df4   0x00000018   Code   RO          842    i.open2             bsp_steering.o
    0x08006e0c   0x08006e0c   0x00000098   Code   RO         2263    i.prvAddCurrentTaskToDelayedList  tasks.o
    0x08006ea4   0x08006ea4   0x000000b8   Code   RO         2264    i.prvAddNewTaskToReadyList  tasks.o
    0x08006f5c   0x08006f5c   0x00000064   Code   RO         2635    i.prvCheckForValidListAndQueue  timers.o
    0x08006fc0   0x08006fc0   0x00000064   Code   RO         2265    i.prvCheckTasksWaitingTermination  tasks.o
    0x08007024   0x08007024   0x0000002a   Code   RO         2018    i.prvCopyDataFromQueue  queue.o
    0x0800704e   0x0800704e   0x0000007c   Code   RO         2019    i.prvCopyDataToQueue  queue.o
    0x080070ca   0x080070ca   0x00000012   Code   RO         2266    i.prvDeleteTCB      tasks.o
    0x080070dc   0x080070dc   0x00000028   Code   RO         2636    i.prvGetNextExpireTime  timers.o
    0x08007104   0x08007104   0x0000007c   Code   RO         2777    i.prvHeapInit       heap_4.o
    0x08007180   0x08007180   0x00000028   Code   RO         2267    i.prvIdleTask       tasks.o
    0x080071a8   0x080071a8   0x0000002e   Code   RO         2021    i.prvInitialiseNewQueue  queue.o
    0x080071d6   0x080071d6   0x00000002   PAD
    0x080071d8   0x080071d8   0x000000d8   Code   RO         2268    i.prvInitialiseNewTask  tasks.o
    0x080072b0   0x080072b0   0x00000068   Code   RO         2269    i.prvInitialiseTaskLists  tasks.o
    0x08007318   0x08007318   0x00000068   Code   RO         2778    i.prvInsertBlockIntoFreeList  heap_4.o
    0x08007380   0x08007380   0x00000058   Code   RO         2638    i.prvInsertTimerInActiveList  timers.o
    0x080073d8   0x080073d8   0x0000001a   Code   RO         2022    i.prvIsQueueEmpty   queue.o
    0x080073f2   0x080073f2   0x0000001e   Code   RO         2023    i.prvIsQueueFull    queue.o
    0x08007410   0x08007410   0x000000a8   Code   RO         2024    i.prvNotifyQueueSetContainer  queue.o
    0x080074b8   0x080074b8   0x00000084   Code   RO         2639    i.prvProcessExpiredTimer  timers.o
    0x0800753c   0x0800753c   0x00000130   Code   RO         2640    i.prvProcessReceivedCommands  timers.o
    0x0800766c   0x0800766c   0x00000074   Code   RO         2641    i.prvProcessTimerOrBlockTask  timers.o
    0x080076e0   0x080076e0   0x00000034   Code   RO         2271    i.prvResetNextTaskUnblockTime  tasks.o
    0x08007714   0x08007714   0x0000002c   Code   RO         2642    i.prvSampleTimeNow  timers.o
    0x08007740   0x08007740   0x000000c0   Code   RO         2643    i.prvSwitchTimerLists  timers.o
    0x08007800   0x08007800   0x0000007c   Code   RO         2839    i.prvTaskExitError  port.o
    0x0800787c   0x0800787c   0x0000001a   Code   RO         2644    i.prvTimerTask      timers.o
    0x08007896   0x08007896   0x00000092   Code   RO         2025    i.prvUnlockQueue    queue.o
    0x08007928   0x08007928   0x0000015c   Code   RO         2779    i.pvPortMalloc      heap_4.o
    0x08007a84   0x08007a84   0x00000020   Code   RO         2275    i.pvTaskIncrementMutexHeldCount  tasks.o
    0x08007aa4   0x08007aa4   0x0000002c   Code   RO         2840    i.pxPortInitialiseStack  port.o
    0x08007ad0   0x08007ad0   0x0000009a   Code   RO         1177    i.run_self_test     inv_mpu.o
    0x08007b6a   0x08007b6a   0x00000002   PAD
    0x08007b6c   0x08007b6c   0x00000090   Code   RO         1178    i.set_int_enable    inv_mpu.o
    0x08007bfc   0x08007bfc   0x0000006e   Code   RO         5440    i.sqrt              m_wm.l(sqrt.o)
    0x08007c6a   0x08007c6a   0x00000002   PAD
    0x08007c6c   0x08007c6c   0x000000c0   Code   RO            6    i.startTask         main.o
    0x08007d2c   0x08007d2c   0x000000b0   Code   RO         3026    i.uart_init         usart.o
    0x08007ddc   0x08007ddc   0x00000028   Code   RO         1969    i.uxListRemove      list.o
    0x08007e04   0x08007e04   0x0000001a   Code   RO         1970    i.vListInitialise   list.o
    0x08007e1e   0x08007e1e   0x00000006   Code   RO         1971    i.vListInitialiseItem  list.o
    0x08007e24   0x08007e24   0x00000034   Code   RO         1972    i.vListInsert       list.o
    0x08007e58   0x08007e58   0x00000018   Code   RO         1973    i.vListInsertEnd    list.o
    0x08007e70   0x08007e70   0x00000090   Code   RO         2842    i.vPortEnterCritical  port.o
    0x08007f00   0x08007f00   0x00000078   Code   RO         2843    i.vPortExitCritical  port.o
    0x08007f78   0x08007f78   0x000000c0   Code   RO         2780    i.vPortFree         heap_4.o
    0x08008038   0x08008038   0x00000020   Code   RO         2844    i.vPortSetupTimerInterrupt  port.o
    0x08008058   0x08008058   0x000000a8   Code   RO         2845    i.vPortValidateInterruptPriority  port.o
    0x08008100   0x08008100   0x0000002c   Code   RO         2031    i.vQueueAddToRegistry  queue.o
    0x0800812c   0x0800812c   0x0000004a   Code   RO         2035    i.vQueueWaitForMessageRestricted  queue.o
    0x08008176   0x08008176   0x00000002   PAD
    0x08008178   0x08008178   0x0000007c   Code   RO         2283    i.vTaskDelay        tasks.o
    0x080081f4   0x080081f4   0x00000114   Code   RO         2285    i.vTaskDelete       tasks.o
    0x08008308   0x08008308   0x0000000c   Code   RO         2289    i.vTaskMissedYield  tasks.o
    0x08008314   0x08008314   0x0000005c   Code   RO         2291    i.vTaskPlaceOnEventList  tasks.o
    0x08008370   0x08008370   0x00000064   Code   RO         2292    i.vTaskPlaceOnEventListRestricted  tasks.o
    0x080083d4   0x080083d4   0x000000b0   Code   RO         2294    i.vTaskPriorityInherit  tasks.o
    0x08008484   0x08008484   0x00000054   Code   RO         2298    i.vTaskSetTimeOutState  tasks.o
    0x080084d8   0x080084d8   0x000000b4   Code   RO         2299    i.vTaskStartScheduler  tasks.o
    0x0800858c   0x0800858c   0x00000010   Code   RO         2301    i.vTaskSuspendAll   tasks.o
    0x0800859c   0x0800859c   0x000000b0   Code   RO         2302    i.vTaskSwitchContext  tasks.o
    0x0800864c   0x0800864c   0x00000164   Code   RO         2846    i.xPortStartScheduler  port.o
    0x080087b0   0x080087b0   0x00000034   Code   RO         2847    i.xPortSysTickHandler  port.o
    0x080087e4   0x080087e4   0x0000007c   Code   RO         2040    i.xQueueGenericCreate  queue.o
    0x08008860   0x08008860   0x000001d0   Code   RO         2041    i.xQueueGenericReceive  queue.o
    0x08008a30   0x08008a30   0x000000b8   Code   RO         2042    i.xQueueGenericReset  queue.o
    0x08008ae8   0x08008ae8   0x000001cc   Code   RO         2043    i.xQueueGenericSend  queue.o
    0x08008cb4   0x08008cb4   0x00000118   Code   RO         2044    i.xQueueGenericSendFromISR  queue.o
    0x08008dcc   0x08008dcc   0x000000a8   Code   RO         2303    i.xTaskCheckForTimeOut  tasks.o
    0x08008e74   0x08008e74   0x00000060   Code   RO         2304    i.xTaskCreate       tasks.o
    0x08008ed4   0x08008ed4   0x00000020   Code   RO         2308    i.xTaskGetSchedulerState  tasks.o
    0x08008ef4   0x08008ef4   0x0000000c   Code   RO         2309    i.xTaskGetTickCount  tasks.o
    0x08008f00   0x08008f00   0x00000168   Code   RO         2311    i.xTaskIncrementTick  tasks.o
    0x08009068   0x08009068   0x000000e0   Code   RO         2314    i.xTaskPriorityDisinherit  tasks.o
    0x08009148   0x08009148   0x000000bc   Code   RO         2315    i.xTaskRemoveFromEventList  tasks.o
    0x08009204   0x08009204   0x00000128   Code   RO         2317    i.xTaskResumeAll    tasks.o
    0x0800932c   0x0800932c   0x00000078   Code   RO         2648    i.xTimerCreateTimerTask  timers.o
    0x080093a4   0x080093a4   0x000000a8   Code   RO         2649    i.xTimerGenericCommand  timers.o
    0x0800944c   0x0800944c   0x00000018   Code   RO         5472    x$fpl$basic         fz_wm.l(basic.o)
    0x08009464   0x08009464   0x00000062   Code   RO         5390    x$fpl$d2f           fz_wm.l(d2f.o)
    0x080094c6   0x080094c6   0x00000002   PAD
    0x080094c8   0x080094c8   0x00000150   Code   RO         5392    x$fpl$dadd          fz_wm.l(daddsub_clz.o)
    0x08009618   0x08009618   0x00000018   Code   RO         5560    x$fpl$dcmpinf       fz_wm.l(dcmpi.o)
    0x08009630   0x08009630   0x000002b0   Code   RO         5399    x$fpl$ddiv          fz_wm.l(ddiv.o)
    0x080098e0   0x080098e0   0x00000078   Code   RO         5474    x$fpl$deqf          fz_wm.l(deqf.o)
    0x08009958   0x08009958   0x00000154   Code   RO         5408    x$fpl$dmul          fz_wm.l(dmul.o)
    0x08009aac   0x08009aac   0x0000009c   Code   RO         5478    x$fpl$dnaninf       fz_wm.l(dnaninf.o)
    0x08009b48   0x08009b48   0x0000000c   Code   RO         5480    x$fpl$dretinf       fz_wm.l(dretinf.o)
    0x08009b54   0x08009b54   0x00000016   Code   RO         5393    x$fpl$drsb          fz_wm.l(daddsub_clz.o)
    0x08009b6a   0x08009b6a   0x00000002   PAD
    0x08009b6c   0x08009b6c   0x00000198   Code   RO         5482    x$fpl$dsqrt         fz_wm.l(dsqrt_umaal.o)
    0x08009d04   0x08009d04   0x000001d4   Code   RO         5394    x$fpl$dsub          fz_wm.l(daddsub_clz.o)
    0x08009ed8   0x08009ed8   0x00000056   Code   RO         5410    x$fpl$f2d           fz_wm.l(f2d.o)
    0x08009f2e   0x08009f2e   0x0000008c   Code   RO         5484    x$fpl$fnaninf       fz_wm.l(fnaninf.o)
    0x08009fba   0x08009fba   0x0000000a   Code   RO         5643    x$fpl$fpinit        fz_wm.l(fpinit.o)
    0x08009fc4   0x08009fc4   0x0000000a   Code   RO         5486    x$fpl$fretinf       fz_wm.l(fretinf.o)
    0x08009fce   0x08009fce   0x00000000   Code   RO         5488    x$fpl$usenofp       fz_wm.l(usenofp.o)
    0x08009fce   0x08009fce   0x00000002   PAD
    0x08009fd0   0x08009fd0   0x00000050   Data   RO         1180    .constdata          inv_mpu.o
    0x0800a020   0x0800a020   0x00000bf6   Data   RO         1494    .constdata          inv_mpu_dmp_motion_driver.o
    0x0800ac16   0x0800ac16   0x00000011   Data   RO         5363    .constdata          c_w.l(__printf_flags_wp.o)
    0x0800ac27   0x0800ac27   0x00000001   PAD
    0x0800ac28   0x0800ac28   0x00000050   Data   RO         5415    .constdata          m_wm.l(asin.o)
    0x0800ac78   0x0800ac78   0x00000098   Data   RO         5492    .constdata          m_wm.l(atan.o)
    0x0800ad10   0x0800ad10   0x00000008   Data   RO         5527    .constdata          m_wm.l(qnan.o)
    0x0800ad18   0x0800ad18   0x0000004d   Data   RO         1181    .conststring        inv_mpu.o
    0x0800ad65   0x0800ad65   0x00000003   PAD
    0x0800ad68   0x0800ad68   0x00000020   Data   RO         5703    Region$$Table       anon$$obj.o


    Execution Region RW_IRAM1 (Exec base: 0x20000000, Load base: 0x0800ad88, Size: 0x00005be0, Max: 0x00020000, ABSOLUTE, COMPRESSED[0x00000080])

    Exec Addr    Load Addr    Size         Type   Attr      Idx    E Section Name        Object

    0x20000000   COMPRESSED   0x00000004   Data   RW            7    .data               main.o
    0x20000004   COMPRESSED   0x00000014   Data   RW          279    .data               system_stm32f4xx.o
    0x20000018   COMPRESSED   0x00000009   Data   RW          401    .data               fsm.o
    0x20000021   COMPRESSED   0x00000003   PAD
    0x20000024   COMPRESSED   0x00000008   Data   RW          465    .data               speed_analysis.o
    0x2000002c   COMPRESSED   0x00000057   Data   RW          553    .data               voice_broadcast.o
    0x20000083   COMPRESSED   0x00000002   Data   RW          688    .data               bsp_usart.o
    0x20000085   COMPRESSED   0x00000001   PAD
    0x20000086   COMPRESSED   0x00000004   Data   RW          744    .data               bsp_hc_sr04.o
    0x2000008a   COMPRESSED   0x00000002   PAD
    0x2000008c   COMPRESSED   0x00000010   Data   RW         1087    .data               bsp_uart.o
    0x2000009c   COMPRESSED   0x00000035   Data   RW         1182    .data               inv_mpu.o
    0x200000d1   COMPRESSED   0x00000003   PAD
    0x200000d4   COMPRESSED   0x0000003c   Data   RW         2320    .data               tasks.o
    0x20000110   COMPRESSED   0x00000014   Data   RW         2657    .data               timers.o
    0x20000124   COMPRESSED   0x00000018   Data   RW         2785    .data               heap_4.o
    0x2000013c   COMPRESSED   0x0000000c   Data   RW         2848    .data               port.o
    0x20000148   COMPRESSED   0x00000008   Data   RW         2941    .data               delay.o
    0x20000150   COMPRESSED   0x00000006   Data   RW         3028    .data               usart.o
    0x20000156   COMPRESSED   0x00000010   Data   RW         3678    .data               stm32f4xx_rcc.o
    0x20000166   COMPRESSED   0x00000002   PAD
    0x20000168        -       0x00000090   Zero   RW          344    .bss                pid.o
    0x200001f8        -       0x0000002c   Zero   RW          464    .bss                speed_analysis.o
    0x20000224        -       0x00000010   Zero   RW         1493    .bss                inv_mpu_dmp_motion_driver.o
    0x20000234        -       0x00000040   Zero   RW         2055    .bss                queue.o
    0x20000274        -       0x000002e4   Zero   RW         2319    .bss                tasks.o
    0x20000558        -       0x00000028   Zero   RW         2656    .bss                timers.o
    0x20000580        -       0x00005000   Zero   RW         2784    .bss                heap_4.o
    0x20005580        -       0x00000060   Zero   RW         5563    .bss                c_w.l(libspace.o)
    0x200055e0        -       0x00000200   Zero   RW         2925    HEAP                startup_stm32f40_41xxx.o
    0x200057e0        -       0x00000400   Zero   RW         2924    STACK               startup_stm32f40_41xxx.o


==============================================================================

Image component sizes


      Code (inc. data)   RO Data    RW Data    ZI Data      Debug   Object Name

       516         36          0          4          0       4298   bsp_hc_sr04.o
        72          8          0          0          0        563   bsp_microswitch.o
      1428         80          0          0          0       7166   bsp_motor.o
       472         50          0          0          0       4144   bsp_steering.o
       336         34          0         16          0       2397   bsp_uart.o
       300         24          0          2          0       2087   bsp_usart.o
       236         22          0          8          0       2653   delay.o
         0          0          0          0          0       9432   event_groups.o
      1952        150          0          9          0       4575   fsm.o
       768        192          0         24      20480       4107   heap_4.o
      6930        318        157         53          0      32684   inv_mpu.o
      3128        138       3062          0         16      21366   inv_mpu_dmp_motion_driver.o
       148          0          0          0          0       3366   list.o
       342        112          0          4          0     308292   main.o
       180         24          0          0          0       2165   misc.o
       626          0          0          0          0       6998   mpu6050.o
       696        110          0          0          0       4578   myiic.o
       568         46          0          0        144       2530   pid.o
      1222        436          0         12          0      11137   port.o
      2212        286          0          0         64      13745   queue.o
      2408         92          0          8         44       5360   speed_analysis.o
        64         26        392          0       1536        860   startup_stm32f40_41xxx.o
       236          0          0          0          0       3080   stm32f4xx_gpio.o
       392         48          0         16          0       5997   stm32f4xx_rcc.o
      1560        102          0          0          0      17778   stm32f4xx_tim.o
       486          8          0          0          0       6909   stm32f4xx_usart.o
       340         32          0         20          0       1785   system_stm32f4xx.o
      3510        982          0         60        740      30223   tasks.o
      1330        332          0         20         40       9119   timers.o
       208         16          0          6          0       4596   usart.o
        48          6          0         87          0       1863   voice_broadcast.o

    ----------------------------------------------------------------------
     32736       3710       3646        360      23064     535853   Object Totals
         0          0         32          0          0          0   (incl. Generated)
        22          0          3         11          0          0   (incl. Padding)

    ----------------------------------------------------------------------

      Code (inc. data)   RO Data    RW Data    ZI Data      Debug   Library Member Name

        90          0          0          0          0          0   __dczerorl2.o
         8          0          0          0          0         68   __main.o
       312          4         17          0          0         92   __printf_flags_wp.o
        14          0          0          0          0         68   __printf_wp.o
         0          0          0          0          0          0   __rtentry.o
        12          0          0          0          0          0   __rtentry2.o
         6          0          0          0          0          0   __rtentry4.o
        52          8          0          0          0          0   __scatter.o
        28          0          0          0          0          0   __scatter_zi.o
        44          0          0          0          0        108   _printf_char.o
        48          6          0          0          0         96   _printf_char_common.o
        36          4          0          0          0         80   _printf_char_file.o
         6          0          0          0          0          0   _printf_d.o
       120         16          0          0          0         92   _printf_dec.o
       178          0          0          0          0         88   _printf_intcommon.o
         0          0          0          0          0          0   _printf_percent.o
         4          0          0          0          0          0   _printf_percent_end.o
         6          0          0          0          0          0   _printf_s.o
        82          0          0          0          0         80   _printf_str.o
        22          0          0          0          0        100   _rserrno.o
        16          0          0          0          0         68   aeabi_memset.o
        18          0          0          0          0         80   exit.o
         8          0          0          0          0         68   ferror.o
         6          0          0          0          0        152   heapauxi.o
         2          0          0          0          0          0   libinit.o
         6          0          0          0          0          0   libinit2.o
         2          0          0          0          0          0   libshutdown.o
         2          0          0          0          0          0   libshutdown2.o
         8          4          0          0         96         68   libspace.o
        72          0          0          0          0         76   llsdiv.o
       238          0          0          0          0        100   lludivv7m.o
        88          0          0          0          0         76   memcmp.o
        24          4          0          0          0         84   noretval__2printf.o
         8          4          0          0          0         68   rt_errno_addr_intlibspace.o
        68          0          0          0          0         68   rt_memclr.o
        78          0          0          0          0         80   rt_memclr_w.o
       138          0          0          0          0         68   rt_memcpy_v6.o
       100          0          0          0          0         80   rt_memcpy_w.o
         2          0          0          0          0          0   rtexit.o
        10          0          0          0          0          0   rtexit2.o
        74          0          0          0          0         80   sys_stackheap_outer.o
         2          0          0          0          0         68   use_no_semi.o
         2          0          0          0          0         68   use_no_semi_2.o
        24          0          0          0          0        164   basic.o
        98          4          0          0          0        140   d2f.o
       826         16          0          0          0        492   daddsub_clz.o
        24          0          0          0          0        116   dcmpi.o
       688        140          0          0          0        256   ddiv.o
       120          4          0          0          0        140   deqf.o
       340         12          0          0          0        152   dmul.o
       156          4          0          0          0        140   dnaninf.o
        12          0          0          0          0        116   dretinf.o
       408         56          0          0          0        168   dsqrt_umaal.o
        86          4          0          0          0        132   f2d.o
       140          4          0          0          0        132   fnaninf.o
        10          0          0          0          0        116   fpinit.o
        10          0          0          0          0        116   fretinf.o
         0          0          0          0          0          0   usenofp.o
       864         94         80          0          0        280   asin.o
       744        106        152          0          0        352   atan.o
       512         64          0          0          0        208   atan2.o
       104         16          0          0          0        496   dunder.o
        24          0          0          0          0        124   fabs.o
        48          0          0          0          0        124   fpclassify.o
       248          0          0          0          0        152   poly.o
         0          0          8          0          0          0   qnan.o
       232          0          0          0          0        296   sqrt.o

    ----------------------------------------------------------------------
      7784        574        258          0         96       6636   Library Totals
        26          0          1          0          0          0   (incl. Padding)

    ----------------------------------------------------------------------

      Code (inc. data)   RO Data    RW Data    ZI Data      Debug   Library Name

      2040         50         17          0         96       2224   c_w.l
      2942        244          0          0          0       2380   fz_wm.l
      2776        280        240          0          0       2032   m_wm.l

    ----------------------------------------------------------------------
      7784        574        258          0         96       6636   Library Totals

    ----------------------------------------------------------------------

==============================================================================


      Code (inc. data)   RO Data    RW Data    ZI Data      Debug   

     40520       4284       3904        360      23160     514593   Grand Totals
     40520       4284       3904        128      23160     514593   ELF Image Totals (compressed)
     40520       4284       3904        128          0          0   ROM Totals

==============================================================================

    Total RO  Size (Code + RO Data)                44424 (  43.38kB)
    Total RW  Size (RW Data + ZI Data)             23520 (  22.97kB)
    Total ROM Size (Code + RO Data + RW Data)      44552 (  43.51kB)

==============================================================================

