<html>
<body>
<pre>
<h1>µVision Build Log</h1>
<h2>Tool Versions:</h2>
IDE-Version: ¦ÌVision V5.35.0.0
Copyright (C) 2021 ARM Ltd and ARM Germany GmbH. All rights reserved.
License Information:   ,  , LIC=----
 
Tool Versions:
Toolchain:       MDK-ARM Professional  Version: 5.35.0.2
Toolchain Path:  C:\Keil_v5\ARM\ARMCC\Bin
C Compiler:      Armcc.exe V5.06 update 7 (build 960)
Assembler:       Armasm.exe V5.06 update 7 (build 960)
Linker/Locator:  ArmLink.exe V5.06 update 7 (build 960)
Library Manager: ArmAr.exe V5.06 update 7 (build 960)
Hex Converter:   FromElf.exe V5.06 update 7 (build 960)
CPU DLL:         SARMCM3.DLL V5.35.0.2
Dialog DLL:      DCM.DLL V1.17.3.0
Target DLL:      STLink\ST-LINKIII-KEIL_SWO.dll V3.0.9.0
Dialog DLL:      TCM.DLL V1.53.0.0
 
<h2>Project:</h2>
C:\Users\14612\Desktop\Last_Bebest_FAST£¨¿ÉÐÐ£©_1.0\MDK\Template.uvprojx
Project File Date:  11/28/2021

<h2>Output:</h2>
*** Using Compiler 'V5.06 update 7 (build 960)', folder: 'C:\Keil_v5\ARM\ARMCC\Bin'
Rebuild target 'Target 1'
compiling system_stm32f4xx.c...
compiling bsp_motor.c...
compiling fsm.c...
compiling datascope.c...
compiling main.c...
compiling voice_broadcast.c...
compiling bsp_steering.c...
compiling pid.c...
..\SRC\PID\pid.c(47): warning:  #1035-D: single-precision operand implicitly converted to double-precision
  	+ pid->I * pid->Current_Error + pid->D * (pid->Current_Error - 2.0 * pid->Last_Error +\
..\SRC\PID\pid.c: 1 warning, 0 errors
compiling speed_analysis.c...
compiling bsp_usart.c...
compiling bsp_hc_sr04.c...
..\CONFIG\BSP\bsp_hc_sr04.c(123): warning:  #1035-D: single-precision operand implicitly converted to double-precision
        lengthTemp = ((float)t/58.0);//cm
..\CONFIG\BSP\bsp_hc_sr04.c(127): warning:  #1035-D: single-precision operand implicitly converted to double-precision
      lengthTemp = sum/5.0;
..\CONFIG\BSP\bsp_hc_sr04.c(237): warning:  #1035-D: single-precision operand implicitly converted to double-precision
        lengthTemp = ((float)t/58.0);//cm
..\CONFIG\BSP\bsp_hc_sr04.c(241): warning:  #1035-D: single-precision operand implicitly converted to double-precision
      lengthTemp = sum/5.0;
..\CONFIG\BSP\bsp_hc_sr04.c: 4 warnings, 0 errors
compiling bsp_lcd.c...
compiling croutine.c...
compiling list.c...
compiling event_groups.c...
compiling bsp_microswitch.c...
compiling bsp_uart.c...
compiling bsp_lcd_init.c...
compiling mpu6050.c...
compiling inv_mpu_dmp_motion_driver.c...
compiling myiic.c...
assembling startup_stm32f40_41xxx.s...
compiling inv_mpu.c...
compiling sys.c...
compiling misc.c...
compiling queue.c...
compiling port.c...
compiling tasks.c...
compiling heap_4.c...
compiling timers.c...
compiling delay.c...
compiling stm32f4xx_dbgmcu.c...
compiling stm32f4xx_can.c...
compiling usart.c...
compiling stm32f4xx_gpio.c...
compiling stm32f4xx_exti.c...
compiling stm32f4xx_pwr.c...
compiling stm32f4xx_syscfg.c...
compiling stm32f4xx_sai.c...
compiling stm32f4xx_usart.c...
compiling stm32f4xx_rcc.c...
compiling stm32f4xx_tim.c...
compiling stm32f4xx_rtc.c...
linking...
Program Size: Code=42070 RO-data=18530 RW-data=360 ZI-data=23160  
FromELF: creating hex file...
"..\OBJ\Template.axf" - 0 Error(s), 5 Warning(s).

<h2>Software Packages used:</h2>

Package Vendor: Keil
                http://www.keil.com/pack/Keil.STM32F4xx_DFP.2.15.0.pack
                Keil.STM32F4xx_DFP.2.15.0
                STMicroelectronics STM32F4 Series Device Support, Drivers and Examples

<h2>Collection of Component include folders:</h2>
  C:\Users\14612\AppData\Local\Arm\Packs\Keil\STM32F4xx_DFP\2.15.0\Drivers\CMSIS\Device\ST\STM32F4xx\Include

<h2>Collection of Component Files used:</h2>
Build Time Elapsed:  00:00:17
</pre>
</body>
</html>
